### 產出/腳本備妥-商品片樣品-20261002/樣品/_測試假場景-NARUKO 茶樹洗卸慕絲商品片樣品_H.mp4
  段1 格1–102（0.0–3.4 秒）平均 1.247｜相鄰差 0.340｜比 0.27｜自相關 0.51@7｜🔴 FAIL 規律擺盪：相鄰差/平均 0.27 > 0.10
  段2 格112–193（3.7–6.4 秒）平均 3.133｜相鄰差 0.389｜比 0.12｜自相關 0.16@2｜🔴 FAIL 規律擺盪：相鄰差/平均 0.12 > 0.10
  段3 格196–292（6.5–9.7 秒）平均 1.269｜相鄰差 0.389｜比 0.31｜自相關 0.05@7｜🔴 FAIL 規律擺盪：相鄰差/平均 0.31 > 0.10
  段4 格295–396（9.8–13.2 秒）平均 3.062｜相鄰差 0.359｜比 0.12｜自相關 0.13@2｜🔴 FAIL 規律擺盪：相鄰差/平均 0.12 > 0.10
  段5 格406–483（13.5–16.1 秒）平均 1.888｜相鄰差 0.606｜比 0.32｜自相關 0.20@7｜🔴 FAIL 規律擺盪：相鄰差/平均 0.32 > 0.10
  段6 格490–572（16.3–19.1 秒）平均 1.132｜相鄰差 1.514｜比 1.34｜自相關 0.59@7｜🔴 FAIL 靜止段週期跳格：14 次尖峰、約每 7 格一次（85% 間隔一致）
  ⇒ FAIL
### 產出/腳本備妥-商品片樣品-20261002/樣品/3CE反轉短劇-動態v2商品片樣品_H.mp4
  段1 格1–10（0.0–0.3 秒）平均 2.683｜相鄰差 1.610｜比 0.60｜自相關 0.00@0｜🔴 FAIL 規律擺盪：相鄰差/平均 0.60 > 0.10
  段2 格13–13（0.4–0.4 秒）平均 8.860｜相鄰差 0.000｜比 0.00｜自相關 0.00@0｜⏭️ SKIP 段太短（1 格 < 10）
  段3 格15–30（0.5–1.0 秒）平均 4.914｜相鄰差 3.812｜比 0.78｜自相關 0.00@0｜🔴 FAIL 規律擺盪：相鄰差/平均 0.78 > 0.10
  段4 格32–33（1.1–1.1 秒）平均 5.570｜相鄰差 10.091｜比 1.81｜自相關 0.00@0｜⏭️ SKIP 段太短（2 格 < 10）
  段5 格37–37（1.2–1.2 秒）平均 0.535｜相鄰差 0.000｜比 0.00｜自相關 0.00@0｜⏭️ SKIP 段太短（1 格 < 10）
  段6 格42–42（1.4–1.4 秒）平均 0.630｜相鄰差 0.000｜比 0.00｜自相關 0.00@0｜⏭️ SKIP 段太短（1 格 < 10）
  段7 格46–83（1.5–2.8 秒）平均 5.321｜相鄰差 2.852｜比 0.54｜自相關 0.74@5｜🔴 FAIL 規律擺盪：相鄰差/平均 0.54 > 0.10
  段8 格85–85（2.8–2.8 秒）平均 11.363｜相鄰差 0.000｜比 0.00｜自相關 0.00@0｜⏭️ SKIP 段太短（1 格 < 10）
  段9 格87–88（2.9–2.9 秒）平均 5.682｜相鄰差 9.992｜比 1.76｜自相關 0.00@0｜⏭️ SKIP 段太短（2 格 < 10）
  段10 格90–118（3.0–3.9 秒）平均 5.787｜相鄰差 3.104｜比 0.54｜自相關 0.88@5｜🔴 FAIL 規律擺盪：相鄰差/平均 0.54 > 0.10
  段11 格126–164（4.2–5.5 秒）平均 6.415｜相鄰差 2.989｜比 0.47｜自相關 0.95@5｜🔴 FAIL 規律擺盪：相鄰差/平均 0.47 > 0.10
  段12 格174–245（5.8–8.2 秒）平均 3.744｜相鄰差 1.956｜比 0.52｜自相關 0.71@5｜🔴 FAIL 規律擺盪：相鄰差/平均 0.52 > 0.10
  段13 格254–268（8.5–8.9 秒）平均 4.355｜相鄰差 2.016｜比 0.46｜自相關 0.00@0｜🔴 FAIL 規律擺盪：相鄰差/平均 0.46 > 0.10
  段14 格271–273（9.0–9.1 秒）平均 6.613｜相鄰差 7.209｜比 1.09｜自相關 0.00@0｜⏭️ SKIP 段太短（3 格 < 10）
  段15 格277–277（9.2–9.2 秒）平均 0.495｜相鄰差 0.000｜比 0.00｜自相關 0.00@0｜⏭️ SKIP 段太短（1 格 < 10）
  段16 格282–284（9.4–9.5 秒）平均 5.617｜相鄰差 8.358｜比 1.49｜自相關 0.00@0｜⏭️ SKIP 段太短（3 格 < 10）
  段17 格286–327（9.5–10.9 秒）平均 3.868｜相鄰差 2.253｜比 0.58｜自相關 0.32@5｜🔴 FAIL 規律擺盪：相鄰差/平均 0.58 > 0.10
  段18 格337–395（11.2–13.2 秒）平均 3.768｜相鄰差 1.530｜比 0.41｜自相關 0.61@5｜🔴 FAIL 規律擺盪：相鄰差/平均 0.41 > 0.10
  段19 格397–432（13.2–14.4 秒）平均 5.820｜相鄰差 2.593｜比 0.45｜自相關 0.68@5｜🔴 FAIL 規律擺盪：相鄰差/平均 0.45 > 0.10
  段20 格444–446（14.8–14.9 秒）平均 7.113｜相鄰差 6.921｜比 0.97｜自相關 0.00@0｜⏭️ SKIP 段太短（3 格 < 10）
  段21 格448–494（14.9–16.5 秒）平均 4.322｜相鄰差 2.445｜比 0.57｜自相關 0.85@5｜🔴 FAIL 規律擺盪：相鄰差/平均 0.57 > 0.10
  段22 格498–616（16.6–20.5 秒）平均 1.505｜相鄰差 0.243｜比 0.16｜自相關 0.24@2｜🔴 FAIL 規律擺盪：相鄰差/平均 0.16 > 0.10
  ⇒ FAIL
### 產出/腳本備妥-商品片樣品-20261002/樣品/3CE反轉短劇-動態商品片樣品_H.mp4
  段1 格1–11（0.0–0.4 秒）平均 2.916｜相鄰差 1.503｜比 0.52｜自相關 0.00@0｜🔴 FAIL 規律擺盪：相鄰差/平均 0.52 > 0.10
  段2 格13–118（0.4–3.9 秒）平均 2.077｜相鄰差 0.943｜比 0.45｜自相關 0.22@5｜🔴 FAIL 規律擺盪：相鄰差/平均 0.45 > 0.10
  段3 格123–123（4.1–4.1 秒）平均 11.483｜相鄰差 0.000｜比 0.00｜自相關 0.00@0｜⏭️ SKIP 段太短（1 格 < 10）
  段4 格125–164（4.2–5.5 秒）平均 2.901｜相鄰差 1.300｜比 0.45｜自相關 0.26@5｜🔴 FAIL 規律擺盪：相鄰差/平均 0.45 > 0.10
  段5 格174–245（5.8–8.2 秒）平均 2.360｜相鄰差 1.195｜比 0.51｜自相關 0.42@5｜🔴 FAIL 規律擺盪：相鄰差/平均 0.51 > 0.10
  段6 格250–250（8.3–8.3 秒）平均 5.888｜相鄰差 0.000｜比 0.00｜自相關 0.00@0｜⏭️ SKIP 段太短（1 格 < 10）
  段7 格254–327（8.5–10.9 秒）平均 2.724｜相鄰差 1.225｜比 0.45｜自相關 0.33@5｜🔴 FAIL 規律擺盪：相鄰差/平均 0.45 > 0.10
  段8 格337–432（11.2–14.4 秒）平均 3.189｜相鄰差 1.211｜比 0.38｜自相關 0.56@5｜🔴 FAIL 規律擺盪：相鄰差/平均 0.38 > 0.10
  段9 格442–495（14.7–16.5 秒）平均 2.610｜相鄰差 1.177｜比 0.45｜自相關 0.26@5｜🔴 FAIL 規律擺盪：相鄰差/平均 0.45 > 0.10
  段10 格498–616（16.6–20.5 秒）平均 1.499｜相鄰差 0.236｜比 0.16｜自相關 0.28@2｜🔴 FAIL 規律擺盪：相鄰差/平均 0.16 > 0.10
  ⇒ FAIL
### 產出/腳本備妥-商品片樣品-20261002/樣品/3CE果凍護唇蜜商品片樣品_H.mp4
  段1 格1–38（0.0–1.3 秒）平均 1.943｜相鄰差 0.315｜比 0.16｜自相關 0.00@0｜🔴 FAIL 規律擺盪：相鄰差/平均 0.16 > 0.10
  段2 格40–89（1.3–3.0 秒）平均 2.075｜相鄰差 0.582｜比 0.28｜自相關 0.01@7｜🔴 FAIL 規律擺盪：相鄰差/平均 0.28 > 0.10
  段3 格92–136（3.1–4.5 秒）平均 1.927｜相鄰差 0.706｜比 0.37｜自相關 0.00@0｜🔴 FAIL 規律擺盪：相鄰差/平均 0.37 > 0.10
  段4 格138–174（4.6–5.8 秒）平均 1.845｜相鄰差 0.627｜比 0.34｜自相關 0.00@0｜🔴 FAIL 規律擺盪：相鄰差/平均 0.34 > 0.10
  段5 格184–209（6.1–7.0 秒）平均 2.659｜相鄰差 0.452｜比 0.17｜自相關 0.00@0｜🔴 FAIL 規律擺盪：相鄰差/平均 0.17 > 0.10
  段6 格212–261（7.1–8.7 秒）平均 2.544｜相鄰差 0.342｜比 0.13｜自相關 0.00@0｜🔴 FAIL 規律擺盪：相鄰差/平均 0.13 > 0.10
  段7 格265–267（8.8–8.9 秒）平均 8.579｜相鄰差 3.206｜比 0.37｜自相關 0.00@0｜⏭️ SKIP 段太短（3 格 < 10）
  段8 格270–341（9.0–11.4 秒）平均 2.160｜相鄰差 1.136｜比 0.53｜自相關 0.16@2｜🔴 FAIL 規律擺盪：相鄰差/平均 0.53 > 0.10
  段9 格351–405（11.7–13.5 秒）平均 2.433｜相鄰差 0.384｜比 0.16｜自相關 0.01@8｜🔴 FAIL 規律擺盪：相鄰差/平均 0.16 > 0.10
  段10 格408–483（13.6–16.1 秒）平均 2.201｜相鄰差 0.145｜比 0.07｜自相關 0.18@2｜✅ PASS 平滑
  ⇒ FAIL
### 產出/腳本備妥-商品片樣品-20261002/樣品/ANESSA金鑽防曬乳商品片樣品_H.mp4
  段1 格1–43（0.0–1.4 秒）平均 3.267｜相鄰差 0.741｜比 0.23｜自相關 0.16@8｜🔴 FAIL 規律擺盪：相鄰差/平均 0.23 > 0.10
  段2 格48–97（1.6–3.2 秒）平均 3.507｜相鄰差 0.927｜比 0.26｜自相關 0.21@5｜🔴 FAIL 規律擺盪：相鄰差/平均 0.26 > 0.10
  段3 格107–151（3.6–5.0 秒）平均 3.542｜相鄰差 1.682｜比 0.47｜自相關 0.11@7｜🔴 FAIL 規律擺盪：相鄰差/平均 0.47 > 0.10
  段4 格155–209（5.2–7.0 秒）平均 4.833｜相鄰差 0.884｜比 0.18｜自相關 0.23@7｜🔴 FAIL 規律擺盪：相鄰差/平均 0.18 > 0.10
  段5 格212–243（7.1–8.1 秒）平均 5.739｜相鄰差 0.911｜比 0.16｜自相關 0.10@6｜🔴 FAIL 規律擺盪：相鄰差/平均 0.16 > 0.10
  段6 格246–246（8.2–8.2 秒）平均 9.974｜相鄰差 0.000｜比 0.00｜自相關 0.00@0｜⏭️ SKIP 段太短（1 格 < 10）
  段7 格249–287（8.3–9.6 秒）平均 5.089｜相鄰差 2.578｜比 0.51｜自相關 0.26@2｜🔴 FAIL 規律擺盪：相鄰差/平均 0.51 > 0.10
  段8 格290–315（9.7–10.5 秒）平均 2.379｜相鄰差 0.742｜比 0.31｜自相關 0.08@5｜🔴 FAIL 規律擺盪：相鄰差/平均 0.31 > 0.10
  段9 格319–369（10.6–12.3 秒）平均 2.536｜相鄰差 0.399｜比 0.16｜自相關 0.05@7｜🔴 FAIL 規律擺盪：相鄰差/平均 0.16 > 0.10
  段10 格379–463（12.6–15.4 秒）平均 1.953｜相鄰差 0.666｜比 0.34｜自相關 0.05@3｜🔴 FAIL 規律擺盪：相鄰差/平均 0.34 > 0.10
  段11 格468–549（15.6–18.3 秒）平均 1.289｜相鄰差 1.274｜比 0.99｜自相關 0.60@7｜🔴 FAIL 靜止段週期跳格：13 次尖峰、約每 7 格一次（92% 間隔一致）
  ⇒ FAIL
### 產出/腳本備妥-商品片樣品-20261002/樣品/Anker MagGo 磁吸行動電源商品片樣品_H.mp4
  段1 格1–100（0.0–3.3 秒）平均 1.254｜相鄰差 0.348｜比 0.28｜自相關 0.64@7｜🔴 FAIL 規律擺盪：相鄰差/平均 0.28 > 0.10
  段2 格110–186（3.7–6.2 秒）平均 1.776｜相鄰差 0.712｜比 0.40｜自相關 0.22@5｜🔴 FAIL 規律擺盪：相鄰差/平均 0.40 > 0.10
  段3 格190–262（6.3–8.7 秒）平均 3.499｜相鄰差 0.504｜比 0.14｜自相關 0.17@2｜🔴 FAIL 規律擺盪：相鄰差/平均 0.14 > 0.10
  段4 格265–329（8.8–11.0 秒）平均 1.538｜相鄰差 0.651｜比 0.42｜自相關 0.09@6｜🔴 FAIL 規律擺盪：相鄰差/平均 0.42 > 0.10
  段5 格331–389（11.0–13.0 秒）平均 2.842｜相鄰差 0.494｜比 0.17｜自相關 0.00@0｜🔴 FAIL 規律擺盪：相鄰差/平均 0.17 > 0.10
  段6 格398–480（13.3–16.0 秒）平均 0.827｜相鄰差 0.953｜比 1.15｜自相關 0.63@7｜🔴 FAIL 靜止段週期跳格：14 次尖峰、約每 7 格一次（85% 間隔一致）
  ⇒ FAIL
### 產出/腳本備妥-商品片樣品-20261002/樣品/Biore淨嫩沐浴乳商品片樣品_H.mp4
  段1 格1–191（0.0–6.4 秒）平均 1.904｜相鄰差 0.572｜比 0.30｜自相關 0.09@8｜🔴 FAIL 規律擺盪：相鄰差/平均 0.30 > 0.10
  段2 格194–199（6.5–6.6 秒）平均 7.955｜相鄰差 2.069｜比 0.26｜自相關 0.00@0｜⏭️ SKIP 段太短（6 格 < 10）
  段3 格201–284（6.7–9.5 秒）平均 1.984｜相鄰差 0.534｜比 0.27｜自相關 0.06@8｜🔴 FAIL 規律擺盪：相鄰差/平均 0.27 > 0.10
  段4 格287–370（9.6–12.3 秒）平均 2.057｜相鄰差 0.460｜比 0.22｜自相關 0.26@8｜🔴 FAIL 規律擺盪：相鄰差/平均 0.22 > 0.10
  段5 格380–466（12.7–15.5 秒）平均 1.734｜相鄰差 0.472｜比 0.27｜自相關 0.05@8｜🔴 FAIL 規律擺盪：相鄰差/平均 0.27 > 0.10
  段6 格472–554（15.7–18.5 秒）平均 1.511｜相鄰差 1.887｜比 1.25｜自相關 0.66@7｜🔴 FAIL 靜止段週期跳格：14 次尖峰、約每 7 格一次（85% 間隔一致）
  ⇒ FAIL
### 產出/腳本備妥-商品片樣品-20261002/樣品/CeraVe長效潤澤霜商品片樣品_H.mp4
  段1 格1–79（0.0–2.6 秒）平均 2.511｜相鄰差 0.524｜比 0.21｜自相關 0.34@7｜🔴 FAIL 規律擺盪：相鄰差/平均 0.21 > 0.10
  段2 格89–170（3.0–5.7 秒）平均 2.032｜相鄰差 0.656｜比 0.32｜自相關 0.16@8｜🔴 FAIL 規律擺盪：相鄰差/平均 0.32 > 0.10
  段3 格174–238（5.8–7.9 秒）平均 1.993｜相鄰差 0.634｜比 0.32｜自相關 0.07@6｜🔴 FAIL 規律擺盪：相鄰差/平均 0.32 > 0.10
  段4 格243–298（8.1–9.9 秒）平均 2.398｜相鄰差 0.579｜比 0.24｜自相關 0.08@7｜🔴 FAIL 規律擺盪：相鄰差/平均 0.24 > 0.10
  段5 格308–364（10.3–12.1 秒）平均 0.161｜相鄰差 0.159｜比 0.99｜自相關 0.00@0｜✅ PASS 靜止段，無週期尖峰（尖峰 1 次）
  段6 格367–455（12.2–15.2 秒）平均 0.939｜相鄰差 0.388｜比 0.41｜自相關 0.00@0｜✅ PASS 靜止段，無週期尖峰（尖峰 4 次）
  ⇒ FAIL
### 產出/腳本備妥-商品片樣品-20261002/樣品/CeraVe精華水商品片樣品_H.mp4
  段1 格1–93（0.0–3.1 秒）平均 2.245｜相鄰差 0.791｜比 0.35｜自相關 0.62@4｜🔴 FAIL 規律擺盪：相鄰差/平均 0.35 > 0.10
  段2 格99–168（3.3–5.6 秒）平均 2.297｜相鄰差 0.637｜比 0.28｜自相關 0.32@7｜🔴 FAIL 規律擺盪：相鄰差/平均 0.28 > 0.10
  段3 格174–175（5.8–5.8 秒）平均 10.576｜相鄰差 2.660｜比 0.25｜自相關 0.00@0｜⏭️ SKIP 段太短（2 格 < 10）
  段4 格178–260（5.9–8.7 秒）平均 2.007｜相鄰差 0.695｜比 0.35｜自相關 0.55@4｜🔴 FAIL 規律擺盪：相鄰差/平均 0.35 > 0.10
  段5 格270–325（9.0–10.8 秒）平均 2.538｜相鄰差 0.568｜比 0.22｜自相關 0.17@8｜🔴 FAIL 規律擺盪：相鄰差/平均 0.22 > 0.10
  段6 格330–380（11.0–12.7 秒）平均 2.701｜相鄰差 0.514｜比 0.19｜自相關 0.11@5｜🔴 FAIL 規律擺盪：相鄰差/平均 0.19 > 0.10
  段7 格383–468（12.8–15.6 秒）平均 1.030｜相鄰差 0.482｜比 0.47｜自相關 0.00@5｜✅ PASS 靜止段，無週期尖峰（尖峰 4 次）
  ⇒ FAIL
### 產出/腳本備妥-商品片樣品-20261002/樣品/Dyson HD16 智能溫控吹風機商品片樣品_H.mp4
  段1 格1–106（0.0–3.5 秒）平均 0.731｜相鄰差 0.153｜比 0.21｜自相關 0.31@4｜🔴 FAIL 規律擺盪：相鄰差/平均 0.21 > 0.10
  段2 格116–192（3.9–6.4 秒）平均 3.414｜相鄰差 0.417｜比 0.12｜自相關 0.26@2｜🔴 FAIL 規律擺盪：相鄰差/平均 0.12 > 0.10
  段3 格196–285（6.5–9.5 秒）平均 1.421｜相鄰差 0.283｜比 0.20｜自相關 0.03@5｜🔴 FAIL 規律擺盪：相鄰差/平均 0.20 > 0.10
  段4 格295–378（9.8–12.6 秒）平均 3.412｜相鄰差 0.418｜比 0.12｜自相關 0.11@2｜🔴 FAIL 規律擺盪：相鄰差/平均 0.12 > 0.10
  段5 格381–463（12.7–15.4 秒）平均 0.918｜相鄰差 0.151｜比 0.17｜自相關 0.05@5｜🔴 FAIL 規律擺盪：相鄰差/平均 0.17 > 0.10
  段6 格468–551（15.6–18.4 秒）平均 0.936｜相鄰差 0.994｜比 1.06｜自相關 0.58@7｜🔴 FAIL 靜止段週期跳格：14 次尖峰、約每 7 格一次（92% 間隔一致）
  ⇒ FAIL
### 產出/腳本備妥-商品片樣品-20261002/樣品/ELIXIR小金管商品片樣品_H.mp4
  段1 格1–96（0.0–3.2 秒）平均 1.984｜相鄰差 0.509｜比 0.26｜自相關 0.17@2｜🔴 FAIL 規律擺盪：相鄰差/平均 0.26 > 0.10
  段2 格106–134（3.5–4.5 秒）平均 2.119｜相鄰差 0.705｜比 0.33｜自相關 0.02@6｜🔴 FAIL 規律擺盪：相鄰差/平均 0.33 > 0.10
  段3 格136–189（4.5–6.3 秒）平均 2.129｜相鄰差 0.922｜比 0.43｜自相關 0.01@7｜🔴 FAIL 規律擺盪：相鄰差/平均 0.43 > 0.10
  段4 格191–225（6.4–7.5 秒）平均 2.208｜相鄰差 0.732｜比 0.33｜自相關 0.09@7｜🔴 FAIL 規律擺盪：相鄰差/平均 0.33 > 0.10
  段5 格227–270（7.6–9.0 秒）平均 2.446｜相鄰差 0.630｜比 0.26｜自相關 0.00@8｜🔴 FAIL 規律擺盪：相鄰差/平均 0.26 > 0.10
  段6 格273–350（9.1–11.7 秒）平均 1.965｜相鄰差 0.638｜比 0.32｜自相關 0.16@2｜🔴 FAIL 規律擺盪：相鄰差/平均 0.32 > 0.10
  段7 格360–392（12.0–13.1 秒）平均 2.169｜相鄰差 0.618｜比 0.29｜自相關 0.25@7｜🔴 FAIL 規律擺盪：相鄰差/平均 0.29 > 0.10
  段8 格394–436（13.1–14.5 秒）平均 1.969｜相鄰差 0.552｜比 0.28｜自相關 0.00@0｜🔴 FAIL 規律擺盪：相鄰差/平均 0.28 > 0.10
  段9 格440–525（14.7–17.5 秒）平均 0.688｜相鄰差 0.401｜比 0.58｜自相關 0.21@7｜✅ PASS 靜止段，無週期尖峰（尖峰 4 次）
  ⇒ FAIL
### 產出/腳本備妥-商品片樣品-20261002/樣品/evorie微笑學習水杯商品片樣品_H.mp4
  段1 格1–97（0.0–3.2 秒）平均 0.996｜相鄰差 0.111｜比 0.11｜自相關 0.20@6｜🔴 FAIL 規律擺盪：相鄰差/平均 0.11 > 0.10
  段2 格107–197（3.6–6.6 秒）平均 1.566｜相鄰差 0.483｜比 0.31｜自相關 0.24@5｜🔴 FAIL 規律擺盪：相鄰差/平均 0.31 > 0.10
  段3 格201–293（6.7–9.8 秒）平均 1.895｜相鄰差 0.312｜比 0.16｜自相關 0.06@5｜🔴 FAIL 規律擺盪：相鄰差/平均 0.16 > 0.10
  段4 格297–368（9.9–12.3 秒）平均 2.598｜相鄰差 0.737｜比 0.28｜自相關 0.17@6｜🔴 FAIL 規律擺盪：相鄰差/平均 0.28 > 0.10
  段5 格377–457（12.6–15.2 秒）平均 1.270｜相鄰差 0.563｜比 0.44｜自相關 0.57@2｜🔴 FAIL 規律擺盪：相鄰差/平均 0.44 > 0.10
  段6 格461–547（15.4–18.2 秒）平均 1.065｜相鄰差 0.918｜比 0.86｜自相關 0.49@7｜🔴 FAIL 靜止段週期跳格：14 次尖峰、約每 7 格一次（92% 間隔一致）
  ⇒ FAIL
### 產出/腳本備妥-商品片樣品-20261002/樣品/FREEMAN固態行動電源商品片樣品_H.mp4
  段1 格1–45（0.0–1.5 秒）平均 2.688｜相鄰差 0.892｜比 0.33｜自相關 0.05@7｜🔴 FAIL 規律擺盪：相鄰差/平均 0.33 > 0.10
  段2 格48–93（1.6–3.1 秒）平均 2.472｜相鄰差 0.441｜比 0.18｜自相關 0.07@8｜🔴 FAIL 規律擺盪：相鄰差/平均 0.18 > 0.10
  段3 格103–138（3.4–4.6 秒）平均 1.894｜相鄰差 0.678｜比 0.36｜自相關 0.16@6｜🔴 FAIL 規律擺盪：相鄰差/平均 0.36 > 0.10
  段4 格141–185（4.7–6.2 秒）平均 2.311｜相鄰差 1.437｜比 0.62｜自相關 0.03@7｜🔴 FAIL 規律擺盪：相鄰差/平均 0.62 > 0.10
  段5 格189–191（6.3–6.4 秒）平均 7.779｜相鄰差 4.746｜比 0.61｜自相關 0.00@0｜⏭️ SKIP 段太短（3 格 < 10）
  段6 格194–276（6.5–9.2 秒）平均 2.052｜相鄰差 0.640｜比 0.31｜自相關 0.19@2｜🔴 FAIL 規律擺盪：相鄰差/平均 0.31 > 0.10
  段7 格278–325（9.3–10.8 秒）平均 2.027｜相鄰差 0.887｜比 0.44｜自相關 0.03@7｜🔴 FAIL 規律擺盪：相鄰差/平均 0.44 > 0.10
  段8 格327–366（10.9–12.2 秒）平均 2.172｜相鄰差 0.550｜比 0.25｜自相關 0.03@8｜🔴 FAIL 規律擺盪：相鄰差/平均 0.25 > 0.10
  段9 格376–407（12.5–13.6 秒）平均 3.397｜相鄰差 0.767｜比 0.23｜自相關 0.09@8｜🔴 FAIL 規律擺盪：相鄰差/平均 0.23 > 0.10
  段10 格410–447（13.7–14.9 秒）平均 3.170｜相鄰差 0.967｜比 0.31｜自相關 0.04@8｜🔴 FAIL 規律擺盪：相鄰差/平均 0.31 > 0.10
  段11 格450–533（15.0–17.8 秒）平均 1.004｜相鄰差 0.859｜比 0.86｜自相關 0.44@7｜🔴 FAIL 靜止段週期跳格：13 次尖峰、約每 7 格一次（92% 間隔一致）
  ⇒ FAIL
### 產出/腳本備妥-商品片樣品-20261002/樣品/hetras 泡沫香氛洗手液商品片樣品_H.mp4
  段1 格1–92（0.0–3.1 秒）平均 1.249｜相鄰差 0.407｜比 0.33｜自相關 0.23@7｜🔴 FAIL 規律擺盪：相鄰差/平均 0.33 > 0.10
  段2 格102–189（3.4–6.3 秒）平均 4.359｜相鄰差 0.544｜比 0.12｜自相關 0.39@2｜🔴 FAIL 規律擺盪：相鄰差/平均 0.12 > 0.10
  段3 格193–365（6.4–12.2 秒）平均 2.369｜相鄰差 0.500｜比 0.21｜自相關 0.05@2｜🔴 FAIL 規律擺盪：相鄰差/平均 0.21 > 0.10
  段4 格368–445（12.3–14.8 秒）平均 1.425｜相鄰差 0.472｜比 0.33｜自相關 0.08@7｜🔴 FAIL 規律擺盪：相鄰差/平均 0.33 > 0.10
  段5 格449–534（15.0–17.8 秒）平均 1.109｜相鄰差 0.914｜比 0.82｜自相關 0.48@7｜🔴 FAIL 靜止段週期跳格：14 次尖峰、約每 7 格一次（92% 間隔一致）
  ⇒ FAIL
### 產出/腳本備妥-商品片樣品-20261002/樣品/hetras 飯店療癒沐浴乳商品片樣品_H.mp4
  段1 格1–109（0.0–3.6 秒）平均 1.243｜相鄰差 0.357｜比 0.29｜自相關 0.07@4｜🔴 FAIL 規律擺盪：相鄰差/平均 0.29 > 0.10
  段2 格113–308（3.8–10.3 秒）平均 2.570｜相鄰差 0.466｜比 0.18｜自相關 0.05@2｜🔴 FAIL 規律擺盪：相鄰差/平均 0.18 > 0.10
  段3 格311–415（10.4–13.8 秒）平均 3.586｜相鄰差 0.443｜比 0.12｜自相關 0.39@2｜🔴 FAIL 規律擺盪：相鄰差/平均 0.12 > 0.10
  段4 格419–477（14.0–15.9 秒）平均 1.730｜相鄰差 0.723｜比 0.42｜自相關 0.26@8｜🔴 FAIL 規律擺盪：相鄰差/平均 0.42 > 0.10
  段5 格487–569（16.2–19.0 秒）平均 0.643｜相鄰差 0.776｜比 1.21｜自相關 0.57@7｜🔴 FAIL 靜止段週期跳格：14 次尖峰、約每 7 格一次（85% 間隔一致）
  ⇒ FAIL
### 產出/腳本備妥-商品片樣品-20261002/樣品/hetras香氛護手霜商品片樣品_H.mp4
  段1 格1–100（0.0–3.3 秒）平均 1.893｜相鄰差 0.474｜比 0.25｜自相關 0.27@4｜🔴 FAIL 規律擺盪：相鄰差/平均 0.25 > 0.10
  段2 格110–267（3.7–8.9 秒）平均 2.596｜相鄰差 0.649｜比 0.25｜自相關 0.18@7｜🔴 FAIL 規律擺盪：相鄰差/平均 0.25 > 0.10
  段3 格269–320（9.0–10.7 秒）平均 2.767｜相鄰差 0.533｜比 0.19｜自相關 0.06@5｜🔴 FAIL 規律擺盪：相鄰差/平均 0.19 > 0.10
  段4 格326–388（10.9–12.9 秒）平均 2.515｜相鄰差 0.694｜比 0.28｜自相關 0.13@2｜🔴 FAIL 規律擺盪：相鄰差/平均 0.28 > 0.10
  段5 格391–476（13.0–15.9 秒）平均 0.977｜相鄰差 0.449｜比 0.46｜自相關 0.00@0｜✅ PASS 靜止段，無週期尖峰（尖峰 4 次）
  ⇒ FAIL
### 產出/腳本備妥-商品片樣品-20261002/樣品/Hoppi嬰兒純水濕紙巾商品片樣品_H.mp4
  段1 格1–45（0.0–1.5 秒）平均 1.620｜相鄰差 0.549｜比 0.34｜自相關 0.01@5｜🔴 FAIL 規律擺盪：相鄰差/平均 0.34 > 0.10
  段2 格48–101（1.6–3.4 秒）平均 1.739｜相鄰差 0.513｜比 0.29｜自相關 0.02@6｜🔴 FAIL 規律擺盪：相鄰差/平均 0.29 > 0.10
  段3 格111–150（3.7–5.0 秒）平均 1.840｜相鄰差 0.624｜比 0.34｜自相關 0.06@6｜🔴 FAIL 規律擺盪：相鄰差/平均 0.34 > 0.10
  段4 格153–211（5.1–7.0 秒）平均 2.224｜相鄰差 0.552｜比 0.25｜自相關 0.02@7｜🔴 FAIL 規律擺盪：相鄰差/平均 0.25 > 0.10
  段5 格213–239（7.1–8.0 秒）平均 3.150｜相鄰差 0.694｜比 0.22｜自相關 0.02@8｜🔴 FAIL 規律擺盪：相鄰差/平均 0.22 > 0.10
  段6 格241–281（8.0–9.4 秒）平均 2.405｜相鄰差 0.824｜比 0.34｜自相關 0.00@0｜🔴 FAIL 規律擺盪：相鄰差/平均 0.34 > 0.10
  段7 格283–322（9.4–10.7 秒）平均 2.572｜相鄰差 1.098｜比 0.43｜自相關 0.17@8｜🔴 FAIL 規律擺盪：相鄰差/平均 0.43 > 0.10
  段8 格324–374（10.8–12.5 秒）平均 2.462｜相鄰差 0.895｜比 0.36｜自相關 0.04@7｜🔴 FAIL 規律擺盪：相鄰差/平均 0.36 > 0.10
  段9 格384–400（12.8–13.3 秒）平均 2.256｜相鄰差 1.114｜比 0.49｜自相關 0.00@0｜🔴 FAIL 規律擺盪：相鄰差/平均 0.49 > 0.10
  段10 格403–451（13.4–15.0 秒）平均 2.214｜相鄰差 1.180｜比 0.53｜自相關 0.16@6｜🔴 FAIL 規律擺盪：相鄰差/平均 0.53 > 0.10
  段11 格454–539（15.1–18.0 秒）平均 0.794｜相鄰差 0.323｜比 0.41｜自相關 0.00@0｜✅ PASS 靜止段，無週期尖峰（尖峰 4 次）
  ⇒ FAIL
### 產出/腳本備妥-商品片樣品-20261002/樣品/KATE怪獸級持色唇膏商品片樣品_H.mp4
  段1 格1–91（0.0–3.0 秒）平均 2.015｜相鄰差 0.539｜比 0.27｜自相關 0.18@2｜🔴 FAIL 規律擺盪：相鄰差/平均 0.27 > 0.10
  段2 格101–138（3.4–4.6 秒）平均 2.220｜相鄰差 0.775｜比 0.35｜自相關 0.12@8｜🔴 FAIL 規律擺盪：相鄰差/平均 0.35 > 0.10
  段3 格140–189（4.7–6.3 秒）平均 2.338｜相鄰差 0.650｜比 0.28｜自相關 0.00@0｜🔴 FAIL 規律擺盪：相鄰差/平均 0.28 > 0.10
  段4 格193–222（6.4–7.4 秒）平均 3.637｜相鄰差 0.585｜比 0.16｜自相關 0.01@8｜🔴 FAIL 規律擺盪：相鄰差/平均 0.16 > 0.10
  段5 格224–261（7.5–8.7 秒）平均 2.697｜相鄰差 0.981｜比 0.36｜自相關 0.02@8｜🔴 FAIL 規律擺盪：相鄰差/平均 0.36 > 0.10
  段6 格263–284（8.8–9.5 秒）平均 2.920｜相鄰差 1.041｜比 0.36｜自相關 0.00@0｜🔴 FAIL 規律擺盪：相鄰差/平均 0.36 > 0.10
  段7 格287–341（9.6–11.4 秒）平均 2.060｜相鄰差 0.519｜比 0.25｜自相關 0.03@8｜🔴 FAIL 規律擺盪：相鄰差/平均 0.25 > 0.10
  段8 格350–370（11.7–12.3 秒）平均 2.560｜相鄰差 1.053｜比 0.41｜自相關 0.00@0｜🔴 FAIL 規律擺盪：相鄰差/平均 0.41 > 0.10
  段9 格374–430（12.5–14.3 秒）平均 2.270｜相鄰差 0.735｜比 0.32｜自相關 0.00@0｜🔴 FAIL 規律擺盪：相鄰差/平均 0.32 > 0.10
  段10 格433–517（14.4–17.2 秒）平均 1.078｜相鄰差 0.895｜比 0.83｜自相關 0.52@7｜🔴 FAIL 靜止段週期跳格：13 次尖峰、約每 7 格一次（92% 間隔一致）
  ⇒ FAIL
### 產出/腳本備妥-商品片樣品-20261002/樣品/KTV藍牙麥克風商品片樣品_H.mp4
  段1 格1–83（0.0–2.8 秒）平均 3.387｜相鄰差 1.936｜比 0.57｜自相關 0.46@2｜🔴 FAIL 規律擺盪：相鄰差/平均 0.57 > 0.10
  段2 格93–185（3.1–6.2 秒）平均 3.537｜相鄰差 1.281｜比 0.36｜自相關 0.58@7｜🔴 FAIL 規律擺盪：相鄰差/平均 0.36 > 0.10
  段3 格190–256（6.3–8.5 秒）平均 4.277｜相鄰差 1.767｜比 0.41｜自相關 0.42@3｜🔴 FAIL 規律擺盪：相鄰差/平均 0.41 > 0.10
  段4 格266–308（8.9–10.3 秒）平均 2.460｜相鄰差 0.547｜比 0.22｜自相關 0.00@0｜🔴 FAIL 規律擺盪：相鄰差/平均 0.22 > 0.10
  段5 格312–389（10.4–13.0 秒）平均 4.031｜相鄰差 1.768｜比 0.44｜自相關 0.26@5｜🔴 FAIL 規律擺盪：相鄰差/平均 0.44 > 0.10
  段6 格400–400（13.3–13.3 秒）平均 0.000｜相鄰差 0.000｜比 0.00｜自相關 0.00@0｜⏭️ SKIP 段太短（1 格 < 10）
  段7 格402–402（13.4–13.4 秒）平均 0.004｜相鄰差 0.000｜比 0.00｜自相關 0.00@0｜⏭️ SKIP 段太短（1 格 < 10）
  段8 格405–410（13.5–13.7 秒）平均 0.000｜相鄰差 0.001｜比 1.41｜自相關 0.00@0｜⏭️ SKIP 段太短（6 格 < 10）
  段9 格412–417（13.7–13.9 秒）平均 0.434｜相鄰差 0.125｜比 0.29｜自相關 0.00@0｜⏭️ SKIP 段太短（6 格 < 10）
  段10 格419–424（14.0–14.1 秒）平均 0.484｜相鄰差 0.107｜比 0.22｜自相關 0.00@0｜⏭️ SKIP 段太短（6 格 < 10）
  段11 格426–430（14.2–14.3 秒）平均 0.545｜相鄰差 0.056｜比 0.10｜自相關 0.00@0｜⏭️ SKIP 段太短（5 格 < 10）
  段12 格432–437（14.4–14.6 秒）平均 0.000｜相鄰差 0.000｜比 1.46｜自相關 0.00@0｜⏭️ SKIP 段太短（6 格 < 10）
  段13 格439–444（14.6–14.8 秒）平均 0.000｜相鄰差 0.000｜比 1.34｜自相關 0.00@0｜⏭️ SKIP 段太短（6 格 < 10）
  段14 格446–450（14.9–15.0 秒）平均 0.000｜相鄰差 0.000｜比 0.75｜自相關 0.00@0｜⏭️ SKIP 段太短（5 格 < 10）
  段15 格452–457（15.1–15.2 秒）平均 0.000｜相鄰差 0.000｜比 1.54｜自相關 0.00@0｜⏭️ SKIP 段太短（6 格 < 10）
  段16 格459–464（15.3–15.5 秒）平均 0.000｜相鄰差 0.000｜比 1.55｜自相關 0.00@0｜⏭️ SKIP 段太短（6 格 < 10）
  段17 格466–471（15.5–15.7 秒）平均 0.000｜相鄰差 0.000｜比 1.72｜自相關 0.00@0｜⏭️ SKIP 段太短（6 格 < 10）
  段18 格473–477（15.8–15.9 秒）平均 0.000｜相鄰差 0.000｜比 1.00｜自相關 0.00@0｜⏭️ SKIP 段太短（5 格 < 10）
  ⇒ FAIL
### 產出/腳本備妥-商品片樣品-20261002/樣品/Lador 微光奇蹟精華油商品片樣品_H.mp4
  段1 格1–94（0.0–3.1 秒）平均 1.464｜相鄰差 0.516｜比 0.35｜自相關 0.07@3｜🔴 FAIL 規律擺盪：相鄰差/平均 0.35 > 0.10
  段2 格98–188（3.3–6.3 秒）平均 5.313｜相鄰差 0.705｜比 0.13｜自相關 0.35@2｜🔴 FAIL 規律擺盪：相鄰差/平均 0.13 > 0.10
  段3 格191–260（6.4–8.7 秒）平均 4.307｜相鄰差 0.555｜比 0.13｜自相關 0.51@2｜🔴 FAIL 規律擺盪：相鄰差/平均 0.13 > 0.10
  段4 格264–265（8.8–8.8 秒）平均 11.737｜相鄰差 0.381｜比 0.03｜自相關 0.00@0｜⏭️ SKIP 段太短（2 格 < 10）
  段5 格270–408（9.0–13.6 秒）平均 2.056｜相鄰差 0.864｜比 0.42｜自相關 0.17@2｜🔴 FAIL 規律擺盪：相鄰差/平均 0.42 > 0.10
  段6 格414–495（13.8–16.5 秒）平均 0.882｜相鄰差 1.144｜比 1.30｜自相關 0.64@7｜🔴 FAIL 靜止段週期跳格：14 次尖峰、約每 7 格一次（85% 間隔一致）
  ⇒ FAIL
### 產出/腳本備妥-商品片樣品-20261002/樣品/Lador 頭皮按摩刷商品片樣品_H.mp4
  段1 格1–258（0.0–8.6 秒）平均 1.614｜相鄰差 0.500｜比 0.31｜自相關 0.13@2｜🔴 FAIL 規律擺盪：相鄰差/平均 0.31 > 0.10
  段2 格268–410（8.9–13.7 秒）平均 0.936｜相鄰差 0.417｜比 0.45｜自相關 0.07@6｜🔴 FAIL 規律擺盪：相鄰差/平均 0.45 > 0.10
  段3 格413–497（13.8–16.6 秒）平均 0.922｜相鄰差 0.757｜比 0.82｜自相關 0.46@7｜🔴 FAIL 靜止段週期跳格：14 次尖峰、約每 7 格一次（92% 間隔一致）
  ⇒ FAIL
### 產出/腳本備妥-商品片樣品-20261002/樣品/MILBON 絲柔護髮素商品片樣品_H.mp4
  段1 格1–104（0.0–3.5 秒）平均 1.577｜相鄰差 0.497｜比 0.32｜自相關 0.09@7｜🔴 FAIL 規律擺盪：相鄰差/平均 0.32 > 0.10
  段2 格106–179（3.5–6.0 秒）平均 4.325｜相鄰差 0.613｜比 0.14｜自相關 0.15@2｜🔴 FAIL 規律擺盪：相鄰差/平均 0.14 > 0.10
  段3 格189–273（6.3–9.1 秒）平均 1.783｜相鄰差 0.782｜比 0.44｜自相關 0.14@3｜🔴 FAIL 規律擺盪：相鄰差/平均 0.44 > 0.10
  段4 格276–360（9.2–12.0 秒）平均 4.992｜相鄰差 0.649｜比 0.13｜自相關 0.40@2｜🔴 FAIL 規律擺盪：相鄰差/平均 0.13 > 0.10
  段5 格364–437（12.1–14.6 秒）平均 1.717｜相鄰差 0.624｜比 0.36｜自相關 0.25@7｜🔴 FAIL 規律擺盪：相鄰差/平均 0.36 > 0.10
  段6 格447–529（14.9–17.6 秒）平均 0.811｜相鄰差 1.014｜比 1.25｜自相關 0.57@7｜🔴 FAIL 靜止段週期跳格：14 次尖峰、約每 7 格一次（85% 間隔一致）
  ⇒ FAIL
### 產出/腳本備妥-商品片樣品-20261002/樣品/NARUKO 茶樹洗卸慕絲商品片樣品_H.mp4
  段1 格1–106（0.0–3.5 秒）平均 1.313｜相鄰差 0.352｜比 0.27｜自相關 0.37@4｜🔴 FAIL 規律擺盪：相鄰差/平均 0.27 > 0.10
  段2 格116–200（3.9–6.7 秒）平均 3.978｜相鄰差 0.433｜比 0.11｜自相關 0.50@2｜🔴 FAIL 規律擺盪：相鄰差/平均 0.11 > 0.10
  段3 格204–302（6.8–10.1 秒）平均 1.593｜相鄰差 0.509｜比 0.32｜自相關 0.11@4｜🔴 FAIL 規律擺盪：相鄰差/平均 0.32 > 0.10
  段4 格306–412（10.2–13.7 秒）平均 4.313｜相鄰差 0.512｜比 0.12｜自相關 0.29@2｜🔴 FAIL 規律擺盪：相鄰差/平均 0.12 > 0.10
  段5 格417–503（13.9–16.8 秒）平均 2.087｜相鄰差 0.579｜比 0.28｜自相關 0.00@0｜🔴 FAIL 規律擺盪：相鄰差/平均 0.28 > 0.10
  段6 格509–592（17.0–19.7 秒）平均 1.239｜相鄰差 1.518｜比 1.23｜自相關 0.60@7｜🔴 FAIL 靜止段週期跳格：14 次尖峰、約每 7 格一次（85% 間隔一致）
  ⇒ FAIL
### 產出/腳本備妥-商品片樣品-20261002/樣品/NIVEA密集修護乳液商品片樣品_H.mp4
  段1 格1–209（0.0–7.0 秒）平均 1.753｜相鄰差 0.569｜比 0.32｜自相關 0.09@8｜🔴 FAIL 規律擺盪：相鄰差/平均 0.32 > 0.10
  段2 格219–383（7.3–12.8 秒）平均 2.772｜相鄰差 0.512｜比 0.18｜自相關 0.22@8｜🔴 FAIL 規律擺盪：相鄰差/平均 0.18 > 0.10
  段3 格393–482（13.1–16.1 秒）平均 2.364｜相鄰差 0.589｜比 0.25｜自相關 0.09@5｜🔴 FAIL 規律擺盪：相鄰差/平均 0.25 > 0.10
  段4 格485–560（16.2–18.7 秒）平均 1.476｜相鄰差 1.310｜比 0.89｜自相關 0.57@7｜🔴 FAIL 靜止段週期跳格：12 次尖峰、約每 7 格一次（91% 間隔一致）
  ⇒ FAIL
### 產出/腳本備妥-商品片樣品-20261002/樣品/OBgE 茶樹去黑頭清潔棒商品片樣品_H.mp4
  段1 格1–84（0.0–2.8 秒）平均 2.434｜相鄰差 1.089｜比 0.45｜自相關 0.33@5｜🔴 FAIL 規律擺盪：相鄰差/平均 0.45 > 0.10
  段2 格94–156（3.1–5.2 秒）平均 2.568｜相鄰差 0.387｜比 0.15｜自相關 0.12@2｜🔴 FAIL 規律擺盪：相鄰差/平均 0.15 > 0.10
  段3 格159–231（5.3–7.7 秒）平均 2.878｜相鄰差 1.680｜比 0.58｜自相關 0.42@3｜🔴 FAIL 規律擺盪：相鄰差/平均 0.58 > 0.10
  段4 格233–412（7.8–13.7 秒）平均 3.012｜相鄰差 0.616｜比 0.20｜自相關 0.03@2｜🔴 FAIL 規律擺盪：相鄰差/平均 0.20 > 0.10
  段5 格417–500（13.9–16.7 秒）平均 0.760｜相鄰差 0.446｜比 0.59｜自相關 0.04@6｜✅ PASS 靜止段，無週期尖峰（尖峰 4 次）
  ⇒ FAIL
### 產出/腳本備妥-商品片樣品-20261002/樣品/Oral-B PRO1 電動牙刷商品片樣品_H.mp4
  段1 格1–101（0.0–3.4 秒）平均 1.318｜相鄰差 0.458｜比 0.35｜自相關 0.10@7｜🔴 FAIL 規律擺盪：相鄰差/平均 0.35 > 0.10
  段2 格103–173（3.4–5.8 秒）平均 2.481｜相鄰差 0.391｜比 0.16｜自相關 0.04@2｜🔴 FAIL 規律擺盪：相鄰差/平均 0.16 > 0.10
  段3 格182–270（6.1–9.0 秒）平均 1.387｜相鄰差 0.579｜比 0.42｜自相關 0.24@7｜🔴 FAIL 規律擺盪：相鄰差/平均 0.42 > 0.10
  段4 格273–466（9.1–15.5 秒）平均 2.075｜相鄰差 0.504｜比 0.24｜自相關 0.03@2｜🔴 FAIL 規律擺盪：相鄰差/平均 0.24 > 0.10
  段5 格470–552（15.7–18.4 秒）平均 0.357｜相鄰差 0.246｜比 0.69｜自相關 0.12@2｜✅ PASS 靜止段，無週期尖峰（尖峰 1 次）
  ⇒ FAIL
### 產出/腳本備妥-商品片樣品-20261002/樣品/PH9商品片樣品_H.mp4
  段1 格1–51（0.0–1.7 秒）平均 4.612｜相鄰差 0.763｜比 0.17｜自相關 0.19@8｜🔴 FAIL 規律擺盪：相鄰差/平均 0.17 > 0.10
  段2 格53–97（1.8–3.2 秒）平均 4.227｜相鄰差 0.544｜比 0.13｜自相關 0.11@8｜🔴 FAIL 規律擺盪：相鄰差/平均 0.13 > 0.10
  段3 格107–189（3.6–6.3 秒）平均 2.729｜相鄰差 1.054｜比 0.39｜自相關 0.04@2｜🔴 FAIL 規律擺盪：相鄰差/平均 0.39 > 0.10
  段4 格199–230（6.6–7.7 秒）平均 3.506｜相鄰差 0.749｜比 0.21｜自相關 0.01@6｜🔴 FAIL 規律擺盪：相鄰差/平均 0.21 > 0.10
  段5 格233–280（7.8–9.3 秒）平均 2.158｜相鄰差 0.884｜比 0.41｜自相關 0.00@0｜🔴 FAIL 規律擺盪：相鄰差/平均 0.41 > 0.10
  段6 格290–374（9.7–12.5 秒）平均 3.369｜相鄰差 1.923｜比 0.57｜自相關 0.21@2｜🔴 FAIL 規律擺盪：相鄰差/平均 0.57 > 0.10
  段7 格379–433（12.6–14.4 秒）平均 5.275｜相鄰差 0.571｜比 0.11｜自相關 0.24@5｜🔴 FAIL 規律擺盪：相鄰差/平均 0.11 > 0.10
  段8 格437–518（14.6–17.3 秒）平均 1.491｜相鄰差 1.371｜比 0.92｜自相關 0.61@7｜🔴 FAIL 靜止段週期跳格：13 次尖峰、約每 7 格一次（92% 間隔一致）
  ⇒ FAIL
### 產出/腳本備妥-商品片樣品-20261002/樣品/POLYWELL折疊冰敷風扇商品片樣品_H.mp4
  段1 格1–91（0.0–3.0 秒）平均 3.039｜相鄰差 2.269｜比 0.75｜自相關 0.41@2｜🔴 FAIL 規律擺盪：相鄰差/平均 0.75 > 0.10
  段2 格101–289（3.4–9.6 秒）平均 2.337｜相鄰差 0.891｜比 0.38｜自相關 0.10@7｜🔴 FAIL 規律擺盪：相鄰差/平均 0.38 > 0.10
  段3 格293–395（9.8–13.2 秒）平均 2.800｜相鄰差 0.440｜比 0.16｜自相關 0.08@8｜🔴 FAIL 規律擺盪：相鄰差/平均 0.16 > 0.10
  段4 格405–494（13.5–16.5 秒）平均 2.599｜相鄰差 1.457｜比 0.56｜自相關 0.16@5｜🔴 FAIL 規律擺盪：相鄰差/平均 0.56 > 0.10
  段5 格497–498（16.6–16.6 秒）平均 10.324｜相鄰差 0.005｜比 0.00｜自相關 0.00@0｜⏭️ SKIP 段太短（2 格 < 10）
  段6 格500–583（16.7–19.4 秒）平均 1.327｜相鄰差 1.716｜比 1.29｜自相關 0.62@7｜🔴 FAIL 靜止段週期跳格：14 次尖峰、約每 7 格一次（85% 間隔一致）
  ⇒ FAIL
### 產出/腳本備妥-商品片樣品-20261002/樣品/REAL BARRIER 屏護保濕濃縮精華商品片樣品_H.mp4
  段1 格1–275（0.0–9.2 秒）平均 3.646｜相鄰差 0.571｜比 0.16｜自相關 0.17@2｜🔴 FAIL 規律擺盪：相鄰差/平均 0.16 > 0.10
  段2 格277–356（9.2–11.9 秒）平均 1.392｜相鄰差 0.625｜比 0.45｜自相關 0.12@5｜🔴 FAIL 規律擺盪：相鄰差/平均 0.45 > 0.10
  段3 格366–453（12.2–15.1 秒）平均 1.127｜相鄰差 0.360｜比 0.32｜自相關 0.52@4｜🔴 FAIL 規律擺盪：相鄰差/平均 0.32 > 0.10
  段4 格459–542（15.3–18.1 秒）平均 0.709｜相鄰差 0.658｜比 0.93｜自相關 0.47@7｜🔴 FAIL 靜止段週期跳格：14 次尖峰、約每 7 格一次（92% 間隔一致）
  ⇒ FAIL
### 產出/腳本備妥-商品片樣品-20261002/樣品/RICO GSC 日日杯商品片樣品_H.mp4
  段1 格1–402（0.0–13.4 秒）平均 1.590｜相鄰差 0.376｜比 0.24｜自相關 0.05@7｜🔴 FAIL 規律擺盪：相鄰差/平均 0.24 > 0.10
  段2 格412–498（13.7–16.6 秒）平均 2.546｜相鄰差 0.294｜比 0.12｜自相關 0.14@2｜🔴 FAIL 規律擺盪：相鄰差/平均 0.12 > 0.10
  段3 格502–587（16.7–19.6 秒）平均 0.494｜相鄰差 0.277｜比 0.56｜自相關 0.08@7｜✅ PASS 靜止段，無週期尖峰（尖峰 2 次）
  ⇒ FAIL
### 產出/腳本備妥-商品片樣品-20261002/樣品/SENKA專科潔顏乳商品片樣品_H.mp4
  段1 格1–36（0.0–1.2 秒）平均 2.443｜相鄰差 0.554｜比 0.23｜自相關 0.08@8｜🔴 FAIL 規律擺盪：相鄰差/平均 0.23 > 0.10
  段2 格41–91（1.4–3.0 秒）平均 2.445｜相鄰差 0.543｜比 0.22｜自相關 0.00@8｜🔴 FAIL 規律擺盪：相鄰差/平均 0.22 > 0.10
  段3 格101–135（3.4–4.5 秒）平均 2.115｜相鄰差 0.793｜比 0.37｜自相關 0.01@8｜🔴 FAIL 規律擺盪：相鄰差/平均 0.37 > 0.10
  段4 格137–198（4.6–6.6 秒）平均 1.625｜相鄰差 0.735｜比 0.45｜自相關 0.08@7｜🔴 FAIL 規律擺盪：相鄰差/平均 0.45 > 0.10
  段5 格208–242（6.9–8.1 秒）平均 2.252｜相鄰差 0.574｜比 0.26｜自相關 0.03@7｜🔴 FAIL 規律擺盪：相鄰差/平均 0.26 > 0.10
  段6 格244–286（8.1–9.5 秒）平均 2.199｜相鄰差 0.623｜比 0.28｜自相關 0.02@7｜🔴 FAIL 規律擺盪：相鄰差/平均 0.28 > 0.10
  段7 格290–290（9.7–9.7 秒）平均 10.071｜相鄰差 0.000｜比 0.00｜自相關 0.00@0｜⏭️ SKIP 段太短（1 格 < 10）
  段8 格292–335（9.7–11.2 秒）平均 2.923｜相鄰差 1.628｜比 0.56｜自相關 0.18@8｜🔴 FAIL 規律擺盪：相鄰差/平均 0.56 > 0.10
  段9 格338–383（11.3–12.8 秒）平均 2.782｜相鄰差 1.681｜比 0.60｜自相關 0.08@7｜🔴 FAIL 規律擺盪：相鄰差/平均 0.60 > 0.10
  段10 格386–421（12.9–14.0 秒）平均 3.158｜相鄰差 0.466｜比 0.15｜自相關 0.03@7｜🔴 FAIL 規律擺盪：相鄰差/平均 0.15 > 0.10
  段11 格423–467（14.1–15.6 秒）平均 3.370｜相鄰差 0.696｜比 0.21｜自相關 0.04@8｜🔴 FAIL 規律擺盪：相鄰差/平均 0.21 > 0.10
  段12 格470–551（15.7–18.4 秒）平均 3.733｜相鄰差 0.234｜比 0.06｜自相關 0.26@2｜✅ PASS 平滑
  ⇒ FAIL
### 產出/腳本備妥-商品片樣品-20261002/樣品/tsaio上山採藥野薄荷淨涼洗顏乳商品片樣品_H.mp4
  段1 格1–96（0.0–3.2 秒）平均 1.351｜相鄰差 0.119｜比 0.09｜自相關 0.00@0｜✅ PASS 平滑
  段2 格98–225（3.3–7.5 秒）平均 0.947｜相鄰差 0.111｜比 0.12｜自相關 0.00@7｜🔴 FAIL 規律擺盪：相鄰差/平均 0.12 > 0.10
  段3 格235–317（7.8–10.6 秒）平均 1.341｜相鄰差 0.107｜比 0.08｜自相關 0.00@8｜✅ PASS 平滑
  段4 格320–410（10.7–13.7 秒）平均 1.426｜相鄰差 0.129｜比 0.09｜自相關 0.00@7｜✅ PASS 平滑
  段5 格413–496（13.8–16.5 秒）平均 1.380｜相鄰差 0.147｜比 0.11｜自相關 0.00@7｜🔴 FAIL 規律擺盪：相鄰差/平均 0.11 > 0.10
  段6 格506–588（16.9–19.6 秒）平均 0.551｜相鄰差 0.476｜比 0.86｜自相關 0.20@7｜✅ PASS 靜止段，無週期尖峰（尖峰 5 次）
  ⇒ FAIL
### 產出/腳本備妥-商品片樣品-20261002/樣品/WOKY沃廚陶瓷渾圓杯商品片樣品_H.mp4
  段1 格1–99（0.0–3.3 秒）平均 1.434｜相鄰差 0.519｜比 0.36｜自相關 0.18@2｜🔴 FAIL 規律擺盪：相鄰差/平均 0.36 > 0.10
  段2 格109–203（3.6–6.8 秒）平均 1.802｜相鄰差 0.842｜比 0.47｜自相關 0.08@8｜🔴 FAIL 規律擺盪：相鄰差/平均 0.47 > 0.10
  段3 格207–302（6.9–10.1 秒）平均 1.646｜相鄰差 0.475｜比 0.29｜自相關 0.13@2｜🔴 FAIL 規律擺盪：相鄰差/平均 0.29 > 0.10
  段4 格304–387（10.1–12.9 秒）平均 2.175｜相鄰差 1.295｜比 0.60｜自相關 0.16@8｜🔴 FAIL 規律擺盪：相鄰差/平均 0.60 > 0.10
  段5 格395–395（13.2–13.2 秒）平均 11.008｜相鄰差 0.000｜比 0.00｜自相關 0.00@0｜⏭️ SKIP 段太短（1 格 < 10）
  段6 格397–484（13.2–16.1 秒）平均 1.095｜相鄰差 0.552｜比 0.50｜自相關 0.16@3｜🔴 FAIL 規律擺盪：相鄰差/平均 0.50 > 0.10
  段7 格487–560（16.2–18.7 秒）平均 0.555｜相鄰差 0.301｜比 0.54｜自相關 0.09@7｜✅ PASS 靜止段，無週期尖峰（尖峰 3 次）
  ⇒ FAIL
### 產出/腳本備妥-商品片樣品-20261002/樣品/一匙靈抗菌EX強力消臭補充包商品片樣品_H.mp4
  段1 格1–95（0.0–3.2 秒）平均 3.063｜相鄰差 0.027｜比 0.01｜自相關 0.21@4｜✅ PASS 平滑
  段2 格99–191（3.3–6.4 秒）平均 3.277｜相鄰差 0.101｜比 0.03｜自相關 0.00@6｜✅ PASS 平滑
  段3 格195–277（6.5–9.2 秒）平均 3.115｜相鄰差 0.092｜比 0.03｜自相關 0.00@0｜✅ PASS 平滑
  段4 格286–369（9.5–12.3 秒）平均 3.547｜相鄰差 0.071｜比 0.02｜自相關 0.00@0｜✅ PASS 平滑
  段5 格373–462（12.4–15.4 秒）平均 2.980｜相鄰差 0.096｜比 0.03｜自相關 0.00@0｜✅ PASS 平滑
  段6 格474–554（15.8–18.5 秒）平均 1.727｜相鄰差 2.966｜比 1.72｜自相關 0.63@7｜🔴 FAIL 靜止段週期跳格：14 次尖峰、約每 7 格一次（85% 間隔一致）
  ⇒ FAIL
### 產出/腳本備妥-商品片樣品-20261002/樣品/巴黎萊雅眼唇卸妝液商品片樣品_H.mp4
  段1 格1–44（0.0–1.5 秒）平均 2.183｜相鄰差 0.648｜比 0.30｜自相關 0.06@6｜🔴 FAIL 規律擺盪：相鄰差/平均 0.30 > 0.10
  段2 格46–94（1.5–3.1 秒）平均 1.670｜相鄰差 0.674｜比 0.40｜自相關 0.04@8｜🔴 FAIL 規律擺盪：相鄰差/平均 0.40 > 0.10
  段3 格97–155（3.2–5.2 秒）平均 3.028｜相鄰差 0.663｜比 0.22｜自相關 0.02@8｜🔴 FAIL 規律擺盪：相鄰差/平均 0.22 > 0.10
  段4 格157–210（5.2–7.0 秒）平均 2.001｜相鄰差 0.561｜比 0.28｜自相關 0.05@7｜🔴 FAIL 規律擺盪：相鄰差/平均 0.28 > 0.10
  段5 格220–251（7.3–8.4 秒）平均 1.623｜相鄰差 0.579｜比 0.36｜自相關 0.00@0｜🔴 FAIL 規律擺盪：相鄰差/平均 0.36 > 0.10
  段6 格254–305（8.5–10.2 秒）平均 1.949｜相鄰差 0.528｜比 0.27｜自相關 0.09@8｜🔴 FAIL 規律擺盪：相鄰差/平均 0.27 > 0.10
  段7 格307–340（10.2–11.3 秒）平均 2.568｜相鄰差 0.460｜比 0.18｜自相關 0.00@0｜🔴 FAIL 規律擺盪：相鄰差/平均 0.18 > 0.10
  段8 格342–387（11.4–12.9 秒）平均 1.910｜相鄰差 0.483｜比 0.25｜自相關 0.00@0｜🔴 FAIL 規律擺盪：相鄰差/平均 0.25 > 0.10
  段9 格397–441（13.2–14.7 秒）平均 1.621｜相鄰差 0.806｜比 0.50｜自相關 0.14@6｜🔴 FAIL 規律擺盪：相鄰差/平均 0.50 > 0.10
  段10 格443–485（14.8–16.2 秒）平均 2.140｜相鄰差 1.272｜比 0.59｜自相關 0.02@5｜🔴 FAIL 規律擺盪：相鄰差/平均 0.59 > 0.10
  段11 格488–562（16.3–18.7 秒）平均 1.111｜相鄰差 0.865｜比 0.78｜自相關 0.49@7｜🔴 FAIL 靜止段週期跳格：12 次尖峰、約每 7 格一次（91% 間隔一致）
  ⇒ FAIL
### 產出/腳本備妥-商品片樣品-20261002/樣品/可口可樂易開罐250ml商品片樣品_H.mp4
  段1 格1–95（0.0–3.2 秒）平均 2.100｜相鄰差 0.433｜比 0.21｜自相關 0.08@8｜🔴 FAIL 規律擺盪：相鄰差/平均 0.21 > 0.10
  段2 格100–176（3.3–5.9 秒）平均 2.130｜相鄰差 0.301｜比 0.14｜自相關 0.29@7｜🔴 FAIL 規律擺盪：相鄰差/平均 0.14 > 0.10
  段3 格186–253（6.2–8.4 秒）平均 2.418｜相鄰差 0.329｜比 0.14｜自相關 0.08@6｜🔴 FAIL 規律擺盪：相鄰差/平均 0.14 > 0.10
  段4 格263–343（8.8–11.4 秒）平均 2.377｜相鄰差 0.345｜比 0.15｜自相關 0.07@7｜🔴 FAIL 規律擺盪：相鄰差/平均 0.15 > 0.10
  段5 格345–409（11.5–13.6 秒）平均 2.245｜相鄰差 0.558｜比 0.25｜自相關 0.04@8｜🔴 FAIL 規律擺盪：相鄰差/平均 0.25 > 0.10
  段6 格417–489（13.9–16.3 秒）平均 0.772｜相鄰差 0.682｜比 0.88｜自相關 0.24@5｜✅ PASS 靜止段，無週期尖峰（尖峰 4 次）
  ⇒ FAIL
### 產出/腳本備妥-商品片樣品-20261002/樣品/白蘭酵素除菌手洗精商品片樣品_H.mp4
  段1 格1–106（0.0–3.5 秒）平均 2.167｜相鄰差 0.098｜比 0.05｜自相關 0.00@8｜✅ PASS 平滑
  段2 格108–197（3.6–6.6 秒）平均 2.020｜相鄰差 0.115｜比 0.06｜自相關 0.00@7｜✅ PASS 平滑
  段3 格207–295（6.9–9.8 秒）平均 2.392｜相鄰差 0.135｜比 0.06｜自相關 0.00@7｜✅ PASS 平滑
  段4 格298–381（9.9–12.7 秒）平均 2.315｜相鄰差 0.150｜比 0.06｜自相關 0.00@0｜✅ PASS 平滑
  段5 格385–484（12.8–16.1 秒）平均 1.929｜相鄰差 0.095｜比 0.05｜自相關 0.01@8｜✅ PASS 平滑
  段6 格495–575（16.5–19.2 秒）平均 1.492｜相鄰差 2.238｜比 1.50｜自相關 0.63@7｜🔴 FAIL 靜止段週期跳格：14 次尖峰、約每 7 格一次（85% 間隔一致）
  ⇒ FAIL
### 產出/腳本備妥-商品片樣品-20261002/樣品/好來清新薄荷漱口水商品片樣品_H.mp4
  段1 格1–50（0.0–1.7 秒）平均 4.728｜相鄰差 1.529｜比 0.32｜自相關 0.33@8｜🔴 FAIL 規律擺盪：相鄰差/平均 0.32 > 0.10
  段2 格55–97（1.8–3.2 秒）平均 4.130｜相鄰差 1.124｜比 0.27｜自相關 0.22@7｜🔴 FAIL 規律擺盪：相鄰差/平均 0.27 > 0.10
  段3 格107–136（3.6–4.5 秒）平均 4.607｜相鄰差 0.915｜比 0.20｜自相關 0.14@8｜🔴 FAIL 規律擺盪：相鄰差/平均 0.20 > 0.10
  段4 格139–139（4.6–4.6 秒）平均 10.654｜相鄰差 0.000｜比 0.00｜自相關 0.00@0｜⏭️ SKIP 段太短（1 格 < 10）
  段5 格142–195（4.7–6.5 秒）平均 4.305｜相鄰差 1.334｜比 0.31｜自相關 0.37@6｜🔴 FAIL 規律擺盪：相鄰差/平均 0.31 > 0.10
  段6 格197–246（6.6–8.2 秒）平均 4.302｜相鄰差 1.507｜比 0.35｜自相關 0.30@8｜🔴 FAIL 規律擺盪：相鄰差/平均 0.35 > 0.10
  段7 格252–300（8.4–10.0 秒）平均 4.189｜相鄰差 1.631｜比 0.39｜自相關 0.32@7｜🔴 FAIL 規律擺盪：相鄰差/平均 0.39 > 0.10
  段8 格305–382（10.2–12.7 秒）平均 4.722｜相鄰差 1.100｜比 0.23｜自相關 0.34@2｜🔴 FAIL 規律擺盪：相鄰差/平均 0.23 > 0.10
  段9 格392–417（13.1–13.9 秒）平均 5.556｜相鄰差 1.567｜比 0.28｜自相關 0.16@2｜🔴 FAIL 規律擺盪：相鄰差/平均 0.28 > 0.10
  段10 格422–450（14.1–15.0 秒）平均 5.161｜相鄰差 1.004｜比 0.19｜自相關 0.17@5｜🔴 FAIL 規律擺盪：相鄰差/平均 0.19 > 0.10
  段11 格460–535（15.3–17.8 秒）平均 1.658｜相鄰差 2.791｜比 1.68｜自相關 0.70@7｜🔴 FAIL 靜止段週期跳格：13 次尖峰、約每 7 格一次（83% 間隔一致）
  ⇒ FAIL
### 產出/腳本備妥-商品片樣品-20261002/樣品/妙管家濃縮洗衣精亮彩補充包商品片樣品_H.mp4
  段1 格1–97（0.0–3.2 秒）平均 4.560｜相鄰差 0.973｜比 0.21｜自相關 0.39@4｜🔴 FAIL 規律擺盪：相鄰差/平均 0.21 > 0.10
  段2 格107–197（3.6–6.6 秒）平均 5.134｜相鄰差 1.069｜比 0.21｜自相關 0.39@4｜🔴 FAIL 規律擺盪：相鄰差/平均 0.21 > 0.10
  段3 格201–296（6.7–9.9 秒）平均 4.771｜相鄰差 1.028｜比 0.22｜自相關 0.13@6｜🔴 FAIL 規律擺盪：相鄰差/平均 0.22 > 0.10
  段4 格300–389（10.0–13.0 秒）平均 4.154｜相鄰差 0.849｜比 0.20｜自相關 0.14@5｜🔴 FAIL 規律擺盪：相鄰差/平均 0.20 > 0.10
  段5 格393–483（13.1–16.1 秒）平均 4.517｜相鄰差 1.091｜比 0.24｜自相關 0.24@4｜🔴 FAIL 規律擺盪：相鄰差/平均 0.24 > 0.10
  段6 格496–497（16.5–16.6 秒）平均 0.000｜相鄰差 0.000｜比 2.00｜自相關 0.00@0｜⏭️ SKIP 段太短（2 格 < 10）
  段7 格500–501（16.7–16.7 秒）平均 0.000｜相鄰差 0.000｜比 0.48｜自相關 0.00@0｜⏭️ SKIP 段太短（2 格 < 10）
  段8 格503–503（16.8–16.8 秒）平均 0.003｜相鄰差 0.000｜比 0.00｜自相關 0.00@0｜⏭️ SKIP 段太短（1 格 < 10）
  段9 格505–575（16.8–19.2 秒）平均 0.135｜相鄰差 0.033｜比 0.25｜自相關 0.01@5｜✅ PASS 靜止段，無週期尖峰（尖峰 0 次）
  ⇒ FAIL
### 產出/腳本備妥-商品片樣品-20261002/樣品/味王咖哩牛肉調理包商品片樣品_H.mp4
  段1 格1–104（0.0–3.5 秒）平均 2.886｜相鄰差 0.080｜比 0.03｜自相關 0.00@7｜✅ PASS 平滑
  段2 格107–198（3.6–6.6 秒）平均 2.939｜相鄰差 0.033｜比 0.01｜自相關 0.01@8｜✅ PASS 平滑
  段3 格208–299（6.9–10.0 秒）平均 3.095｜相鄰差 0.098｜比 0.03｜自相關 0.00@0｜✅ PASS 平滑
  段4 格301–386（10.0–12.9 秒）平均 3.277｜相鄰差 0.122｜比 0.04｜自相關 0.00@7｜✅ PASS 平滑
  段5 格396–494（13.2–16.5 秒）平均 2.747｜相鄰差 0.077｜比 0.03｜自相關 0.00@0｜✅ PASS 平滑
  段6 格503–583（16.8–19.4 秒）平均 0.887｜相鄰差 1.202｜比 1.35｜自相關 0.19@7｜🔴 FAIL 靜止段週期跳格：5 次尖峰、約每 3 格一次（75% 間隔一致）
  ⇒ FAIL
### 產出/腳本備妥-商品片樣品-20261002/樣品/花王洗髮精清新順滑型商品片樣品_H.mp4
  段1 格1–99（0.0–3.3 秒）平均 1.536｜相鄰差 0.027｜比 0.02｜自相關 0.89@8｜✅ PASS 平滑
  段2 格109–276（3.6–9.2 秒）平均 1.726｜相鄰差 0.104｜比 0.06｜自相關 0.14@8｜✅ PASS 平滑
  段3 格286–378（9.5–12.6 秒）平均 1.637｜相鄰差 0.135｜比 0.08｜自相關 0.00@6｜✅ PASS 平滑
  段4 格381–473（12.7–15.8 秒）平均 1.649｜相鄰差 0.135｜比 0.08｜自相關 0.00@6｜✅ PASS 平滑
  段5 格480–562（16.0–18.7 秒）平均 0.782｜相鄰差 0.693｜比 0.89｜自相關 0.20@7｜✅ PASS 靜止段，無週期尖峰（尖峰 5 次）
  ⇒ PASS
### 產出/腳本備妥-商品片樣品-20261002/樣品/珂珂透濃縮洗碗精商品片樣品_H.mp4
  段1 格1–97（0.0–3.2 秒）平均 2.338｜相鄰差 0.093｜比 0.04｜自相關 0.01@7｜✅ PASS 平滑
  段2 格101–196（3.4–6.5 秒）平均 2.148｜相鄰差 0.192｜比 0.09｜自相關 0.00@6｜✅ PASS 平滑
  段3 格200–298（6.7–9.9 秒）平均 2.193｜相鄰差 0.166｜比 0.08｜自相關 0.00@0｜✅ PASS 平滑
  段4 格301–385（10.0–12.8 秒）平均 2.348｜相鄰差 0.040｜比 0.02｜自相關 0.01@6｜✅ PASS 平滑
  段5 格391–391（13.0–13.0 秒）平均 6.607｜相鄰差 0.000｜比 0.00｜自相關 0.00@0｜⏭️ SKIP 段太短（1 格 < 10）
  段6 格394–477（13.1–15.9 秒）平均 2.317｜相鄰差 0.028｜比 0.01｜自相關 0.81@8｜✅ PASS 平滑
  段7 格489–568（16.3–18.9 秒）平均 0.648｜相鄰差 0.831｜比 1.28｜自相關 0.18@7｜🔴 FAIL 靜止段週期跳格：5 次尖峰、約每 3 格一次（75% 間隔一致）
  ⇒ FAIL
### 產出/腳本備妥-商品片樣品-20261002/樣品/家樂氏東尼香甜玉米片商品片樣品_H.mp4
  段1 格1–89（0.0–3.0 秒）平均 5.543｜相鄰差 0.883｜比 0.16｜自相關 0.25@7｜🔴 FAIL 規律擺盪：相鄰差/平均 0.16 > 0.10
  段2 格99–197（3.3–6.6 秒）平均 4.617｜相鄰差 1.686｜比 0.37｜自相關 0.32@5｜🔴 FAIL 規律擺盪：相鄰差/平均 0.37 > 0.10
  段3 格200–294（6.7–9.8 秒）平均 5.268｜相鄰差 1.490｜比 0.28｜自相關 0.41@4｜🔴 FAIL 規律擺盪：相鄰差/平均 0.28 > 0.10
  段4 格297–378（9.9–12.6 秒）平均 5.612｜相鄰差 0.745｜比 0.13｜自相關 0.14@4｜🔴 FAIL 規律擺盪：相鄰差/平均 0.13 > 0.10
  段5 格388–470（12.9–15.7 秒）平均 5.055｜相鄰差 0.870｜比 0.17｜自相關 0.15@8｜🔴 FAIL 規律擺盪：相鄰差/平均 0.17 > 0.10
  段6 格480–480（16.0–16.0 秒）平均 0.001｜相鄰差 0.000｜比 0.00｜自相關 0.00@0｜⏭️ SKIP 段太短（1 格 < 10）
  段7 格482–482（16.1–16.1 秒）平均 0.001｜相鄰差 0.000｜比 0.00｜自相關 0.00@0｜⏭️ SKIP 段太短（1 格 < 10）
  段8 格485–490（16.2–16.3 秒）平均 0.001｜相鄰差 0.001｜比 1.52｜自相關 0.00@0｜⏭️ SKIP 段太短（6 格 < 10）
  段9 格492–497（16.4–16.6 秒）平均 0.448｜相鄰差 0.148｜比 0.33｜自相關 0.00@0｜⏭️ SKIP 段太短（6 格 < 10）
  段10 格499–504（16.6–16.8 秒）平均 0.516｜相鄰差 0.014｜比 0.03｜自相關 0.00@0｜⏭️ SKIP 段太短（6 格 < 10）
  段11 格506–510（16.9–17.0 秒）平均 0.533｜相鄰差 0.044｜比 0.08｜自相關 0.00@0｜⏭️ SKIP 段太短（5 格 < 10）
  段12 格512–517（17.1–17.2 秒）平均 0.000｜相鄰差 0.000｜比 1.79｜自相關 0.00@0｜⏭️ SKIP 段太短（6 格 < 10）
  段13 格519–524（17.3–17.5 秒）平均 0.000｜相鄰差 0.000｜比 0.85｜自相關 0.00@0｜⏭️ SKIP 段太短（6 格 < 10）
  段14 格526–530（17.5–17.7 秒）平均 0.000｜相鄰差 0.000｜比 1.70｜自相關 0.00@0｜⏭️ SKIP 段太短（5 格 < 10）
  段15 格532–537（17.7–17.9 秒）平均 0.000｜相鄰差 0.000｜比 0.93｜自相關 0.00@0｜⏭️ SKIP 段太短（6 格 < 10）
  段16 格539–544（18.0–18.1 秒）平均 0.000｜相鄰差 0.000｜比 1.66｜自相關 0.00@0｜⏭️ SKIP 段太短（6 格 < 10）
  段17 格546–551（18.2–18.4 秒）平均 0.000｜相鄰差 0.000｜比 0.96｜自相關 0.00@0｜⏭️ SKIP 段太短（6 格 < 10）
  段18 格553–557（18.4–18.6 秒）平均 0.000｜相鄰差 0.000｜比 1.38｜自相關 0.00@0｜⏭️ SKIP 段太短（5 格 < 10）
  ⇒ FAIL
### 產出/腳本備妥-商品片樣品-20261002/樣品/盛香珍濃厚花生巧克酥商品片樣品_H.mp4
  段1 格1–99（0.0–3.3 秒）平均 2.362｜相鄰差 0.017｜比 0.01｜自相關 0.79@8｜✅ PASS 平滑
  段2 格109–204（3.6–6.8 秒）平均 2.362｜相鄰差 0.110｜比 0.05｜自相關 0.00@0｜✅ PASS 平滑
  段3 格207–293（6.9–9.8 秒）平均 2.841｜相鄰差 0.153｜比 0.05｜自相關 0.00@8｜✅ PASS 平滑
  段4 格296–377（9.9–12.6 秒）平均 2.677｜相鄰差 0.042｜比 0.02｜自相關 0.01@5｜✅ PASS 平滑
  段5 格387–480（12.9–16.0 秒）平均 2.373｜相鄰差 0.081｜比 0.03｜自相關 0.00@8｜✅ PASS 平滑
  段6 格489–568（16.3–18.9 秒）平均 1.804｜相鄰差 2.971｜比 1.65｜自相關 0.67@7｜🔴 FAIL 靜止段週期跳格：14 次尖峰、約每 7 格一次（85% 間隔一致）
  ⇒ FAIL
### 產出/腳本備妥-商品片樣品-20261002/樣品/荷琇 Curly Shyll 蓬鬆修復髮膜商品片樣品_H.mp4
  段1 格1–102（0.0–3.4 秒）平均 1.238｜相鄰差 0.405｜比 0.33｜自相關 0.17@7｜🔴 FAIL 規律擺盪：相鄰差/平均 0.33 > 0.10
  段2 格104–201（3.5–6.7 秒）平均 3.908｜相鄰差 0.601｜比 0.15｜自相關 0.05@2｜🔴 FAIL 規律擺盪：相鄰差/平均 0.15 > 0.10
  段3 格204–398（6.8–13.3 秒）平均 2.818｜相鄰差 0.477｜比 0.17｜自相關 0.11@2｜🔴 FAIL 規律擺盪：相鄰差/平均 0.17 > 0.10
  段4 格408–493（13.6–16.4 秒）平均 1.373｜相鄰差 0.423｜比 0.31｜自相關 0.05@8｜🔴 FAIL 規律擺盪：相鄰差/平均 0.31 > 0.10
  段5 格496–581（16.5–19.4 秒）平均 0.782｜相鄰差 0.617｜比 0.79｜自相關 0.39@7｜🔴 FAIL 靜止段週期跳格：14 次尖峰、約每 7 格一次（92% 間隔一致）
  ⇒ FAIL
### 產出/腳本備妥-商品片樣品-20261002/樣品/舒跑運動飲料商品片樣品_H.mp4
  段1 格1–45（0.0–1.5 秒）平均 4.428｜相鄰差 1.379｜比 0.31｜自相關 0.23@5｜🔴 FAIL 規律擺盪：相鄰差/平均 0.31 > 0.10
  段2 格47–92（1.6–3.1 秒）平均 4.674｜相鄰差 2.290｜比 0.49｜自相關 0.19@6｜🔴 FAIL 規律擺盪：相鄰差/平均 0.49 > 0.10
  段3 格102–139（3.4–4.6 秒）平均 3.602｜相鄰差 0.770｜比 0.21｜自相關 0.13@7｜🔴 FAIL 規律擺盪：相鄰差/平均 0.21 > 0.10
  段4 格142–176（4.7–5.9 秒）平均 4.593｜相鄰差 1.159｜比 0.25｜自相關 0.23@5｜🔴 FAIL 規律擺盪：相鄰差/平均 0.25 > 0.10
  段5 格178–200（5.9–6.7 秒）平均 7.911｜相鄰差 0.782｜比 0.10｜自相關 0.00@0｜✅ PASS 平滑
  段6 格208–245（6.9–8.2 秒）平均 3.791｜相鄰差 1.469｜比 0.39｜自相關 0.09@6｜🔴 FAIL 規律擺盪：相鄰差/平均 0.39 > 0.10
  段7 格255–284（8.5–9.5 秒）平均 4.110｜相鄰差 2.856｜比 0.70｜自相關 0.45@2｜🔴 FAIL 規律擺盪：相鄰差/平均 0.70 > 0.10
  段8 格287–287（9.6–9.6 秒）平均 6.937｜相鄰差 0.000｜比 0.00｜自相關 0.00@0｜⏭️ SKIP 段太短（1 格 < 10）
  段9 格290–335（9.7–11.2 秒）平均 4.318｜相鄰差 2.839｜比 0.66｜自相關 0.46@2｜🔴 FAIL 規律擺盪：相鄰差/平均 0.66 > 0.10
  段10 格340–371（11.3–12.4 秒）平均 5.537｜相鄰差 0.466｜比 0.08｜自相關 0.13@5｜✅ PASS 平滑
  段11 格373–414（12.4–13.8 秒）平均 5.138｜相鄰差 1.752｜比 0.34｜自相關 0.11@7｜🔴 FAIL 規律擺盪：相鄰差/平均 0.34 > 0.10
  段12 格423–502（14.1–16.7 秒）平均 1.853｜相鄰差 3.058｜比 1.65｜自相關 0.66@7｜🔴 FAIL 靜止段週期跳格：14 次尖峰、約每 7 格一次（85% 間隔一致）
  ⇒ FAIL
### 產出/腳本備妥-商品片樣品-20261002/樣品/資生堂 芯之麗 輕縈柔波洗髮露商品片樣品_H.mp4
  段1 格1–190（0.0–6.3 秒）平均 1.897｜相鄰差 0.388｜比 0.20｜自相關 0.07@2｜🔴 FAIL 規律擺盪：相鄰差/平均 0.20 > 0.10
  段2 格193–275（6.4–9.2 秒）平均 1.244｜相鄰差 0.560｜比 0.45｜自相關 0.35@6｜🔴 FAIL 規律擺盪：相鄰差/平均 0.45 > 0.10
  段3 格285–347（9.5–11.6 秒）平均 3.298｜相鄰差 0.467｜比 0.14｜自相關 0.20@2｜🔴 FAIL 規律擺盪：相鄰差/平均 0.14 > 0.10
  段4 格351–410（11.7–13.7 秒）平均 2.076｜相鄰差 0.844｜比 0.41｜自相關 0.02@6｜🔴 FAIL 規律擺盪：相鄰差/平均 0.41 > 0.10
  段5 格415–497（13.8–16.6 秒）平均 0.574｜相鄰差 0.541｜比 0.94｜自相關 0.27@7｜🔴 FAIL 靜止段週期跳格：14 次尖峰、約每 7 格一次（85% 間隔一致）
  ⇒ FAIL
### 產出/腳本備妥-商品片樣品-20261002/樣品/滿意寶寶 瞬潔乾爽輕巧褲商品片樣品_H.mp4
  段1 格1–108（0.0–3.6 秒）平均 7.368｜相鄰差 1.981｜比 0.27｜自相關 0.31@4｜🔴 FAIL 規律擺盪：相鄰差/平均 0.27 > 0.10
  段2 格117–204（3.9–6.8 秒）平均 6.884｜相鄰差 2.038｜比 0.30｜自相關 0.57@8｜🔴 FAIL 規律擺盪：相鄰差/平均 0.30 > 0.10
  段3 格209–218（7.0–7.3 秒）平均 7.475｜相鄰差 2.123｜比 0.28｜自相關 0.00@0｜🔴 FAIL 規律擺盪：相鄰差/平均 0.28 > 0.10
  段4 格220–229（7.3–7.6 秒）平均 7.359｜相鄰差 2.013｜比 0.27｜自相關 0.00@0｜🔴 FAIL 規律擺盪：相鄰差/平均 0.27 > 0.10
  段5 格231–239（7.7–8.0 秒）平均 6.976｜相鄰差 1.191｜比 0.17｜自相關 0.00@0｜⏭️ SKIP 段太短（9 格 < 10）
  段6 格241–248（8.0–8.3 秒）平均 7.437｜相鄰差 2.864｜比 0.39｜自相關 0.00@0｜⏭️ SKIP 段太短（8 格 < 10）
  段7 格250–256（8.3–8.5 秒）平均 6.388｜相鄰差 1.578｜比 0.25｜自相關 0.00@0｜⏭️ SKIP 段太短（7 格 < 10）
  段8 格258–264（8.6–8.8 秒）平均 6.897｜相鄰差 2.327｜比 0.34｜自相關 0.00@0｜⏭️ SKIP 段太短（7 格 < 10）
  段9 格266–291（8.9–9.7 秒）平均 7.718｜相鄰差 2.923｜比 0.38｜自相關 0.98@6｜🔴 FAIL 規律擺盪：相鄰差/平均 0.38 > 0.10
  段10 格295–391（9.8–13.0 秒）平均 5.722｜相鄰差 1.853｜比 0.32｜自相關 0.46@4｜🔴 FAIL 規律擺盪：相鄰差/平均 0.32 > 0.10
  段11 格395–493（13.2–16.4 秒）平均 5.849｜相鄰差 2.084｜比 0.36｜自相關 0.29@5｜🔴 FAIL 規律擺盪：相鄰差/平均 0.36 > 0.10
  段12 格506–507（16.9–16.9 秒）平均 0.002｜相鄰差 0.001｜比 0.27｜自相關 0.00@0｜⏭️ SKIP 段太短（2 格 < 10）
  段13 格510–511（17.0–17.0 秒）平均 0.006｜相鄰差 0.005｜比 0.80｜自相關 0.00@0｜⏭️ SKIP 段太短（2 格 < 10）
  段14 格513–513（17.1–17.1 秒）平均 0.000｜相鄰差 0.000｜比 0.00｜自相關 0.00@0｜⏭️ SKIP 段太短（1 格 < 10）
  段15 格515–584（17.2–19.5 秒）平均 0.133｜相鄰差 0.043｜比 0.32｜自相關 0.05@2｜✅ PASS 靜止段，無週期尖峰（尖峰 0 次）
  ⇒ FAIL
### 產出/腳本備妥-商品片樣品-20261002/樣品/摩洛哥優油商品片樣品_H.mp4
  段1 格1–48（0.0–1.6 秒）平均 2.957｜相鄰差 0.553｜比 0.19｜自相關 0.07@6｜🔴 FAIL 規律擺盪：相鄰差/平均 0.19 > 0.10
  段2 格51–51（1.7–1.7 秒）平均 8.179｜相鄰差 0.000｜比 0.00｜自相關 0.00@0｜⏭️ SKIP 段太短（1 格 < 10）
  段3 格53–100（1.8–3.3 秒）平均 2.564｜相鄰差 0.507｜比 0.20｜自相關 0.04@5｜🔴 FAIL 規律擺盪：相鄰差/平均 0.20 > 0.10
  段4 格110–151（3.7–5.0 秒）平均 2.059｜相鄰差 0.734｜比 0.36｜自相關 0.03@7｜🔴 FAIL 規律擺盪：相鄰差/平均 0.36 > 0.10
  段5 格154–194（5.1–6.5 秒）平均 2.452｜相鄰差 1.119｜比 0.46｜自相關 0.05@7｜🔴 FAIL 規律擺盪：相鄰差/平均 0.46 > 0.10
  段6 格196–228（6.5–7.6 秒）平均 3.563｜相鄰差 0.948｜比 0.27｜自相關 0.04@6｜🔴 FAIL 規律擺盪：相鄰差/平均 0.27 > 0.10
  段7 格232–232（7.7–7.7 秒）平均 11.562｜相鄰差 0.000｜比 0.00｜自相關 0.00@0｜⏭️ SKIP 段太短（1 格 < 10）
  段8 格234–275（7.8–9.2 秒）平均 2.740｜相鄰差 0.433｜比 0.16｜自相關 0.42@5｜🔴 FAIL 規律擺盪：相鄰差/平均 0.16 > 0.10
  段9 格284–327（9.5–10.9 秒）平均 2.589｜相鄰差 1.278｜比 0.49｜自相關 0.10@2｜🔴 FAIL 規律擺盪：相鄰差/平均 0.49 > 0.10
  段10 格329–365（11.0–12.2 秒）平均 2.434｜相鄰差 1.198｜比 0.49｜自相關 0.17@6｜🔴 FAIL 規律擺盪：相鄰差/平均 0.49 > 0.10
  段11 格375–415（12.5–13.8 秒）平均 2.476｜相鄰差 0.970｜比 0.39｜自相關 0.21@6｜🔴 FAIL 規律擺盪：相鄰差/平均 0.39 > 0.10
  段12 格418–462（13.9–15.4 秒）平均 2.347｜相鄰差 0.820｜比 0.35｜自相關 0.06@7｜🔴 FAIL 規律擺盪：相鄰差/平均 0.35 > 0.10
  段13 格466–539（15.5–18.0 秒）平均 1.168｜相鄰差 0.940｜比 0.81｜自相關 0.47@7｜🔴 FAIL 靜止段週期跳格：12 次尖峰、約每 7 格一次（91% 間隔一致）
  ⇒ FAIL
### 產出/腳本備妥-商品片樣品-20261002/樣品/歐客佬 耶加雪菲咖啡豆商品片樣品_H.mp4
  段1 格1–115（0.0–3.8 秒）平均 4.257｜相鄰差 1.564｜比 0.37｜自相關 0.46@4｜🔴 FAIL 規律擺盪：相鄰差/平均 0.37 > 0.10
  段2 格118–137（3.9–4.6 秒）平均 7.215｜相鄰差 1.218｜比 0.17｜自相關 0.00@0｜🔴 FAIL 規律擺盪：相鄰差/平均 0.17 > 0.10
  段3 格154–177（5.1–5.9 秒）平均 5.719｜相鄰差 1.496｜比 0.26｜自相關 0.00@0｜🔴 FAIL 規律擺盪：相鄰差/平均 0.26 > 0.10
  段4 格193–195（6.4–6.5 秒）平均 10.426｜相鄰差 1.687｜比 0.16｜自相關 0.00@0｜⏭️ SKIP 段太短（3 格 < 10）
  段5 格199–273（6.6–9.1 秒）平均 4.421｜相鄰差 1.963｜比 0.44｜自相關 0.16@8｜🔴 FAIL 規律擺盪：相鄰差/平均 0.44 > 0.10
  段6 格275–278（9.2–9.3 秒）平均 10.612｜相鄰差 0.455｜比 0.04｜自相關 0.00@0｜⏭️ SKIP 段太短（4 格 < 10）
  段7 格280–284（9.3–9.5 秒）平均 9.308｜相鄰差 0.861｜比 0.09｜自相關 0.00@0｜⏭️ SKIP 段太短（5 格 < 10）
  段8 格290–294（9.7–9.8 秒）平均 6.910｜相鄰差 3.051｜比 0.44｜自相關 0.00@0｜⏭️ SKIP 段太短（5 格 < 10）
  段9 格313–334（10.4–11.1 秒）平均 6.765｜相鄰差 1.857｜比 0.27｜自相關 0.00@0｜🔴 FAIL 規律擺盪：相鄰差/平均 0.27 > 0.10
  段10 格352–354（11.7–11.8 秒）平均 10.933｜相鄰差 2.040｜比 0.19｜自相關 0.00@0｜⏭️ SKIP 段太短（3 格 < 10）
  段11 格375–431（12.5–14.4 秒）平均 4.659｜相鄰差 2.292｜比 0.49｜自相關 0.39@3｜🔴 FAIL 規律擺盪：相鄰差/平均 0.49 > 0.10
  段12 格439–519（14.6–17.3 秒）平均 0.786｜相鄰差 0.819｜比 1.04｜自相關 0.20@5｜✅ PASS 靜止段，無週期尖峰（尖峰 4 次）
  ⇒ FAIL
### 產出/腳本備妥-商品片樣品-20261002/樣品/歐客佬農場掛耳咖啡商品片樣品_H.mp4
  段1 格1–90（0.0–3.0 秒）平均 3.218｜相鄰差 0.503｜比 0.16｜自相關 0.13@2｜🔴 FAIL 規律擺盪：相鄰差/平均 0.16 > 0.10
  段2 格100–189（3.3–6.3 秒）平均 3.317｜相鄰差 0.908｜比 0.27｜自相關 0.10@3｜🔴 FAIL 規律擺盪：相鄰差/平均 0.27 > 0.10
  段3 格192–271（6.4–9.0 秒）平均 3.999｜相鄰差 0.655｜比 0.16｜自相關 0.02@8｜🔴 FAIL 規律擺盪：相鄰差/平均 0.16 > 0.10
  段4 格273–351（9.1–11.7 秒）平均 2.910｜相鄰差 0.826｜比 0.28｜自相關 0.05@2｜🔴 FAIL 規律擺盪：相鄰差/平均 0.28 > 0.10
  段5 格361–440（12.0–14.7 秒）平均 2.954｜相鄰差 0.852｜比 0.29｜自相關 0.04@3｜🔴 FAIL 規律擺盪：相鄰差/平均 0.29 > 0.10
  段6 格443–529（14.8–17.6 秒）平均 1.518｜相鄰差 1.517｜比 1.00｜自相關 0.58@7｜🔴 FAIL 靜止段週期跳格：14 次尖峰、約每 7 格一次（92% 間隔一致）
  ⇒ FAIL
### 產出/腳本備妥-商品片樣品-20261002/樣品/歐萊德咖啡因洗髮精-A避開洗髮精商品片樣品_H.mp4
  段1 格1–48（0.0–1.6 秒）平均 1.421｜相鄰差 0.293｜比 0.21｜自相關 0.02@7｜🔴 FAIL 規律擺盪：相鄰差/平均 0.21 > 0.10
  段2 格51–112（1.7–3.7 秒）平均 1.410｜相鄰差 0.304｜比 0.22｜自相關 0.00@0｜🔴 FAIL 規律擺盪：相鄰差/平均 0.22 > 0.10
  段3 格122–160（4.1–5.3 秒）平均 1.397｜相鄰差 0.549｜比 0.39｜自相關 0.06@8｜🔴 FAIL 規律擺盪：相鄰差/平均 0.39 > 0.10
  段4 格162–224（5.4–7.5 秒）平均 1.146｜相鄰差 0.491｜比 0.43｜自相關 0.03@7｜🔴 FAIL 規律擺盪：相鄰差/平均 0.43 > 0.10
  段5 格227–261（7.6–8.7 秒）平均 2.350｜相鄰差 0.747｜比 0.32｜自相關 0.01@8｜🔴 FAIL 規律擺盪：相鄰差/平均 0.32 > 0.10
  段6 格263–316（8.8–10.5 秒）平均 1.782｜相鄰差 0.507｜比 0.28｜自相關 0.02@6｜🔴 FAIL 規律擺盪：相鄰差/平均 0.28 > 0.10
  段7 格325–398（10.8–13.3 秒）平均 1.529｜相鄰差 0.697｜比 0.46｜自相關 0.13@2｜🔴 FAIL 規律擺盪：相鄰差/平均 0.46 > 0.10
  段8 格408–430（13.6–14.3 秒）平均 1.826｜相鄰差 0.598｜比 0.33｜自相關 0.00@0｜🔴 FAIL 規律擺盪：相鄰差/平均 0.33 > 0.10
  段9 格436–489（14.5–16.3 秒）平均 1.781｜相鄰差 0.628｜比 0.35｜自相關 0.03@5｜🔴 FAIL 規律擺盪：相鄰差/平均 0.35 > 0.10
  段10 格492–576（16.4–19.2 秒）平均 1.604｜相鄰差 0.348｜比 0.22｜自相關 0.03@3｜🔴 FAIL 規律擺盪：相鄰差/平均 0.22 > 0.10
  ⇒ FAIL
### 產出/腳本備妥-商品片樣品-20261002/樣品/歐萊德咖啡因洗髮精-B換種子商品片樣品_H.mp4
  段1 格1–64（0.0–2.1 秒）平均 1.482｜相鄰差 0.295｜比 0.20｜自相關 0.02@2｜🔴 FAIL 規律擺盪：相鄰差/平均 0.20 > 0.10
  段2 格66–103（2.2–3.4 秒）平均 1.735｜相鄰差 0.369｜比 0.21｜自相關 0.01@8｜🔴 FAIL 規律擺盪：相鄰差/平均 0.21 > 0.10
  段3 格113–215（3.8–7.2 秒）平均 1.306｜相鄰差 0.472｜比 0.36｜自相關 0.20@2｜🔴 FAIL 規律擺盪：相鄰差/平均 0.36 > 0.10
  段4 格218–252（7.3–8.4 秒）平均 2.349｜相鄰差 0.747｜比 0.32｜自相關 0.02@8｜🔴 FAIL 規律擺盪：相鄰差/平均 0.32 > 0.10
  段5 格254–307（8.5–10.2 秒）平均 1.782｜相鄰差 0.509｜比 0.29｜自相關 0.02@6｜🔴 FAIL 規律擺盪：相鄰差/平均 0.29 > 0.10
  段6 格316–389（10.5–13.0 秒）平均 1.529｜相鄰差 0.697｜比 0.46｜自相關 0.13@2｜🔴 FAIL 規律擺盪：相鄰差/平均 0.46 > 0.10
  段7 格399–421（13.3–14.0 秒）平均 1.830｜相鄰差 0.594｜比 0.32｜自相關 0.00@0｜🔴 FAIL 規律擺盪：相鄰差/平均 0.32 > 0.10
  段8 格427–480（14.2–16.0 秒）平均 1.781｜相鄰差 0.630｜比 0.35｜自相關 0.03@5｜🔴 FAIL 規律擺盪：相鄰差/平均 0.35 > 0.10
  段9 格483–567（16.1–18.9 秒）平均 1.604｜相鄰差 0.348｜比 0.22｜自相關 0.03@3｜🔴 FAIL 規律擺盪：相鄰差/平均 0.22 > 0.10
  ⇒ FAIL
### 產出/腳本備妥-商品片樣品-20261002/樣品/歐萊德咖啡因洗髮精-C正式商品片樣品_H.mp4
  段1 格1–48（0.0–1.6 秒）平均 1.421｜相鄰差 0.293｜比 0.21｜自相關 0.02@7｜🔴 FAIL 規律擺盪：相鄰差/平均 0.21 > 0.10
  段2 格51–112（1.7–3.7 秒）平均 1.410｜相鄰差 0.304｜比 0.22｜自相關 0.00@0｜🔴 FAIL 規律擺盪：相鄰差/平均 0.22 > 0.10
  段3 格122–224（4.1–7.5 秒）平均 1.426｜相鄰差 0.521｜比 0.37｜自相關 0.18@2｜🔴 FAIL 規律擺盪：相鄰差/平均 0.37 > 0.10
  段4 格226–260（7.5–8.7 秒）平均 2.188｜相鄰差 0.717｜比 0.33｜自相關 0.01@8｜🔴 FAIL 規律擺盪：相鄰差/平均 0.33 > 0.10
  段5 格263–315（8.8–10.5 秒）平均 1.856｜相鄰差 0.345｜比 0.19｜自相關 0.04@7｜🔴 FAIL 規律擺盪：相鄰差/平均 0.19 > 0.10
  段6 格324–356（10.8–11.9 秒）平均 1.507｜相鄰差 0.841｜比 0.56｜自相關 0.05@6｜🔴 FAIL 規律擺盪：相鄰差/平均 0.56 > 0.10
  段7 格358–397（11.9–13.2 秒）平均 1.302｜相鄰差 0.526｜比 0.40｜自相關 0.06@8｜🔴 FAIL 規律擺盪：相鄰差/平均 0.40 > 0.10
  段8 格407–430（13.6–14.3 秒）平均 2.095｜相鄰差 0.695｜比 0.33｜自相關 0.00@0｜🔴 FAIL 規律擺盪：相鄰差/平均 0.33 > 0.10
  段9 格435–488（14.5–16.3 秒）平均 1.865｜相鄰差 0.714｜比 0.38｜自相關 0.01@5｜🔴 FAIL 規律擺盪：相鄰差/平均 0.38 > 0.10
  段10 格491–575（16.4–19.2 秒）平均 1.612｜相鄰差 0.365｜比 0.23｜自相關 0.07@8｜🔴 FAIL 規律擺盪：相鄰差/平均 0.23 > 0.10
  ⇒ FAIL
### 產出/腳本備妥-商品片樣品-20261002/樣品/歐萊德咖啡因洗髮精商品片樣品_H.mp4
  段1 格1–62（0.0–2.1 秒）平均 1.480｜相鄰差 0.283｜比 0.19｜自相關 0.03@2｜🔴 FAIL 規律擺盪：相鄰差/平均 0.19 > 0.10
  段2 格64–100（2.1–3.3 秒）平均 1.831｜相鄰差 0.366｜比 0.20｜自相關 0.01@8｜🔴 FAIL 規律擺盪：相鄰差/平均 0.20 > 0.10
  段3 格110–217（3.7–7.2 秒）平均 1.317｜相鄰差 0.664｜比 0.50｜自相關 0.04@3｜🔴 FAIL 規律擺盪：相鄰差/平均 0.50 > 0.10
  段4 格219–253（7.3–8.4 秒）平均 2.236｜相鄰差 0.740｜比 0.33｜自相關 0.01@7｜🔴 FAIL 規律擺盪：相鄰差/平均 0.33 > 0.10
  段5 格255–308（8.5–10.3 秒）平均 1.984｜相鄰差 0.344｜比 0.17｜自相關 0.03@8｜🔴 FAIL 規律擺盪：相鄰差/平均 0.17 > 0.10
  段6 格317–390（10.6–13.0 秒）平均 1.540｜相鄰差 0.725｜比 0.47｜自相關 0.13@2｜🔴 FAIL 規律擺盪：相鄰差/平均 0.47 > 0.10
  段7 格400–423（13.3–14.1 秒）平均 2.175｜相鄰差 0.742｜比 0.34｜自相關 0.00@0｜🔴 FAIL 規律擺盪：相鄰差/平均 0.34 > 0.10
  段8 格428–481（14.3–16.0 秒）平均 1.830｜相鄰差 0.677｜比 0.37｜自相關 0.02@5｜🔴 FAIL 規律擺盪：相鄰差/平均 0.37 > 0.10
  段9 格484–568（16.1–18.9 秒）平均 1.607｜相鄰差 0.362｜比 0.23｜自相關 0.02@8｜🔴 FAIL 規律擺盪：相鄰差/平均 0.23 > 0.10
  ⇒ FAIL
### 產出/腳本備妥-商品片樣品-20261002/樣品/澎澎香浴乳商品片樣品_H.mp4
  段1 格1–111（0.0–3.7 秒）平均 1.271｜相鄰差 0.033｜比 0.03｜自相關 0.92@8｜✅ PASS 平滑
  段2 格121–204（4.0–6.8 秒）平均 1.817｜相鄰差 0.120｜比 0.07｜自相關 0.00@7｜✅ PASS 平滑
  段3 格207–303（6.9–10.1 秒）平均 1.625｜相鄰差 0.115｜比 0.07｜自相關 0.01@7｜✅ PASS 平滑
  段4 格306–395（10.2–13.2 秒）平均 1.693｜相鄰差 0.200｜比 0.12｜自相關 0.00@8｜🔴 FAIL 規律擺盪：相鄰差/平均 0.12 > 0.10
  段5 格398–497（13.3–16.6 秒）平均 1.290｜相鄰差 0.137｜比 0.11｜自相關 0.00@8｜🔴 FAIL 規律擺盪：相鄰差/平均 0.11 > 0.10
  段6 格507–588（16.9–19.6 秒）平均 1.300｜相鄰差 1.733｜比 1.33｜自相關 0.64@7｜🔴 FAIL 靜止段週期跳格：14 次尖峰、約每 7 格一次（85% 間隔一致）
  ⇒ FAIL
### 產出/腳本備妥-商品片樣品-20261002/樣品/幫寶適一級幫拉拉褲商品片樣品_H.mp4
  段1 格1–37（0.0–1.2 秒）平均 3.766｜相鄰差 0.789｜比 0.21｜自相關 0.16@6｜🔴 FAIL 規律擺盪：相鄰差/平均 0.21 > 0.10
  段2 格40–40（1.3–1.3 秒）平均 11.627｜相鄰差 0.000｜比 0.00｜自相關 0.00@0｜⏭️ SKIP 段太短（1 格 < 10）
  段3 格42–91（1.4–3.0 秒）平均 2.421｜相鄰差 0.722｜比 0.30｜自相關 0.21@8｜🔴 FAIL 規律擺盪：相鄰差/平均 0.30 > 0.10
  段4 格101–135（3.4–4.5 秒）平均 3.113｜相鄰差 1.131｜比 0.36｜自相關 0.46@7｜🔴 FAIL 規律擺盪：相鄰差/平均 0.36 > 0.10
  段5 格137–183（4.6–6.1 秒）平均 3.675｜相鄰差 0.896｜比 0.24｜自相關 0.07@6｜🔴 FAIL 規律擺盪：相鄰差/平均 0.24 > 0.10
  段6 格186–216（6.2–7.2 秒）平均 3.770｜相鄰差 0.824｜比 0.22｜自相關 0.02@2｜🔴 FAIL 規律擺盪：相鄰差/平均 0.22 > 0.10
  段7 格221–266（7.4–8.9 秒）平均 2.697｜相鄰差 0.728｜比 0.27｜自相關 0.03@6｜🔴 FAIL 規律擺盪：相鄰差/平均 0.27 > 0.10
  段8 格269–299（9.0–10.0 秒）平均 3.543｜相鄰差 2.023｜比 0.57｜自相關 0.26@3｜🔴 FAIL 規律擺盪：相鄰差/平均 0.57 > 0.10
  段9 格301–358（10.0–11.9 秒）平均 3.109｜相鄰差 2.317｜比 0.75｜自相關 0.37@5｜🔴 FAIL 規律擺盪：相鄰差/平均 0.75 > 0.10
  段10 格367–403（12.2–13.4 秒）平均 3.392｜相鄰差 0.770｜比 0.23｜自相關 0.26@7｜🔴 FAIL 規律擺盪：相鄰差/平均 0.23 > 0.10
  段11 格406–453（13.5–15.1 秒）平均 3.310｜相鄰差 1.188｜比 0.36｜自相關 0.17@7｜🔴 FAIL 規律擺盪：相鄰差/平均 0.36 > 0.10
  段12 格457–457（15.2–15.2 秒）平均 9.755｜相鄰差 0.000｜比 0.00｜自相關 0.00@0｜⏭️ SKIP 段太短（1 格 < 10）
  段13 格459–542（15.3–18.1 秒）平均 1.193｜相鄰差 1.480｜比 1.24｜自相關 0.60@7｜🔴 FAIL 靜止段週期跳格：14 次尖峰、約每 7 格一次（85% 間隔一致）
  ⇒ FAIL
### 產出/腳本備妥-商品片樣品-20261002/樣品/魔爪能量碳酸飲料355ml商品片樣品_H.mp4
  段1 格1–109（0.0–3.6 秒）平均 1.692｜相鄰差 0.815｜比 0.48｜自相關 0.24@5｜🔴 FAIL 規律擺盪：相鄰差/平均 0.48 > 0.10
  段2 格113–200（3.8–6.7 秒）平均 2.057｜相鄰差 0.733｜比 0.36｜自相關 0.26@4｜🔴 FAIL 規律擺盪：相鄰差/平均 0.36 > 0.10
  段3 格210–283（7.0–9.4 秒）平均 2.336｜相鄰差 0.806｜比 0.34｜自相關 0.21@7｜🔴 FAIL 規律擺盪：相鄰差/平均 0.34 > 0.10
  段4 格286–369（9.5–12.3 秒）平均 2.223｜相鄰差 0.637｜比 0.29｜自相關 0.12@4｜🔴 FAIL 規律擺盪：相鄰差/平均 0.29 > 0.10
  段5 格373–441（12.4–14.7 秒）平均 1.903｜相鄰差 0.584｜比 0.31｜自相關 0.15@6｜🔴 FAIL 規律擺盪：相鄰差/平均 0.31 > 0.10
  段6 格450–532（15.0–17.7 秒）平均 0.469｜相鄰差 0.303｜比 0.65｜自相關 0.15@5｜✅ PASS 靜止段，無週期尖峰（尖峰 4 次）
  ⇒ FAIL
### /p/蝦皮短影音/_上架中/20261006b/15支/20261006-Biore淨嫩沐浴乳-商品片/影片-Biore淨嫩沐浴乳-商品片-蝦皮版.mp4
  段1 格1–153（0.0–6.4 秒）平均 2.199｜相鄰差 0.836｜比 0.38｜自相關 0.25@8｜🔴 FAIL 規律擺盪：相鄰差/平均 0.38 > 0.10
  段2 格155–159（6.5–6.6 秒）平均 8.923｜相鄰差 2.588｜比 0.29｜自相關 0.00@0｜⏭️ SKIP 段太短（5 格 < 10）
  段3 格161–227（6.7–9.5 秒）平均 2.275｜相鄰差 0.856｜比 0.38｜自相關 0.10@8｜🔴 FAIL 規律擺盪：相鄰差/平均 0.38 > 0.10
  段4 格230–296（9.6–12.3 秒）平均 2.323｜相鄰差 0.718｜比 0.31｜自相關 0.51@8｜🔴 FAIL 規律擺盪：相鄰差/平均 0.31 > 0.10
  段5 格304–373（12.7–15.5 秒）平均 1.981｜相鄰差 0.711｜比 0.36｜自相關 0.19@8｜🔴 FAIL 規律擺盪：相鄰差/平均 0.36 > 0.10
  段6 格379–443（15.8–18.5 秒）平均 1.589｜相鄰差 2.197｜比 1.38｜自相關 0.58@5｜🔴 FAIL 靜止段週期跳格：13 次尖峰、約每 5 格一次（83% 間隔一致）
  ⇒ FAIL
### /p/蝦皮短影音/_上架中/20261006b/15支/20261006-CeraVe長效潤澤霜-商品片/影片-CeraVe長效潤澤霜-商品片-蝦皮版.mp4
  段1 格1–63（0.0–2.6 秒）平均 2.901｜相鄰差 1.106｜比 0.38｜自相關 0.87@8｜🔴 FAIL 規律擺盪：相鄰差/平均 0.38 > 0.10
  段2 格71–136（3.0–5.7 秒）平均 2.345｜相鄰差 0.938｜比 0.40｜自相關 0.17@6｜🔴 FAIL 規律擺盪：相鄰差/平均 0.40 > 0.10
  段3 格139–190（5.8–7.9 秒）平均 2.294｜相鄰差 0.909｜比 0.40｜自相關 0.07@4｜🔴 FAIL 規律擺盪：相鄰差/平均 0.40 > 0.10
  段4 格195–238（8.1–9.9 秒）平均 2.551｜相鄰差 0.843｜比 0.33｜自相關 0.55@8｜🔴 FAIL 規律擺盪：相鄰差/平均 0.33 > 0.10
  段5 格247–291（10.3–12.1 秒）平均 0.204｜相鄰差 0.206｜比 1.01｜自相關 0.00@0｜✅ PASS 靜止段，無週期尖峰（尖峰 1 次）
  段6 格295–364（12.3–15.2 秒）平均 0.853｜相鄰差 0.543｜比 0.64｜自相關 0.23@8｜✅ PASS 靜止段，無週期尖峰（尖峰 5 次）
  ⇒ FAIL
### /p/蝦皮短影音/_上架中/20261006b/15支/20261006-CeraVe精華水-商品片/影片-CeraVe精華水-商品片-蝦皮版.mp4
  段1 格1–74（0.0–3.1 秒）平均 2.571｜相鄰差 1.124｜比 0.44｜自相關 0.40@8｜🔴 FAIL 規律擺盪：相鄰差/平均 0.44 > 0.10
  段2 格79–134（3.3–5.6 秒）平均 2.659｜相鄰差 0.833｜比 0.31｜自相關 0.76@8｜🔴 FAIL 規律擺盪：相鄰差/平均 0.31 > 0.10
  段3 格139–140（5.8–5.8 秒）平均 10.575｜相鄰差 2.663｜比 0.25｜自相關 0.00@0｜⏭️ SKIP 段太短（2 格 < 10）
  段4 格143–208（6.0–8.7 秒）平均 2.291｜相鄰差 0.843｜比 0.37｜自相關 0.25@4｜🔴 FAIL 規律擺盪：相鄰差/平均 0.37 > 0.10
  段5 格216–260（9.0–10.8 秒）平均 2.857｜相鄰差 0.904｜比 0.32｜自相關 0.19@8｜🔴 FAIL 規律擺盪：相鄰差/平均 0.32 > 0.10
  段6 格264–304（11.0–12.7 秒）平均 3.012｜相鄰差 0.785｜比 0.26｜自相關 0.25@4｜🔴 FAIL 規律擺盪：相鄰差/平均 0.26 > 0.10
  段7 格307–374（12.8–15.6 秒）平均 1.048｜相鄰差 0.568｜比 0.54｜自相關 0.24@8｜✅ PASS 靜止段，無週期尖峰（尖峰 3 次）
  ⇒ FAIL
### /p/蝦皮短影音/_上架中/20261006b/15支/20261006-hetras香氛護手霜-商品片/影片-hetras香氛護手霜-商品片-蝦皮版.mp4
  段1 格1–80（0.0–3.3 秒）平均 2.239｜相鄰差 0.793｜比 0.35｜自相關 0.58@4｜🔴 FAIL 規律擺盪：相鄰差/平均 0.35 > 0.10
  段2 格88–149（3.7–6.2 秒）平均 3.245｜相鄰差 1.135｜比 0.35｜自相關 0.66@8｜🔴 FAIL 規律擺盪：相鄰差/平均 0.35 > 0.10
  段3 格151–213（6.3–8.9 秒）平均 2.456｜相鄰差 0.952｜比 0.39｜自相關 0.36@8｜🔴 FAIL 規律擺盪：相鄰差/平均 0.39 > 0.10
  段4 格215–256（9.0–10.7 秒）平均 3.137｜相鄰差 0.950｜比 0.30｜自相關 0.19@8｜🔴 FAIL 規律擺盪：相鄰差/平均 0.30 > 0.10
  段5 格261–261（10.9–10.9 秒）平均 11.045｜相鄰差 0.000｜比 0.00｜自相關 0.00@0｜⏭️ SKIP 段太短（1 格 < 10）
  段6 格263–310（11.0–12.9 秒）平均 2.464｜相鄰差 0.749｜比 0.30｜自相關 0.63@8｜🔴 FAIL 規律擺盪：相鄰差/平均 0.30 > 0.10
  段7 格313–313（13.0–13.0 秒）平均 9.898｜相鄰差 0.000｜比 0.00｜自相關 0.00@0｜⏭️ SKIP 段太短（1 格 < 10）
  段8 格315–381（13.1–15.9 秒）平均 0.758｜相鄰差 0.561｜比 0.74｜自相關 0.23@5｜✅ PASS 靜止段，無週期尖峰（尖峰 6 次）
  ⇒ FAIL
### /p/蝦皮短影音/_上架中/20261006b/15支/20261006-一匙靈抗菌EX強力消臭補充包-商品片/影片-一匙靈抗菌EX強力消臭補充包-商品片-蝦皮版.mp4
  段1 格1–76（0.0–3.2 秒）平均 3.711｜相鄰差 1.258｜比 0.34｜自相關 0.99@8｜🔴 FAIL 規律擺盪：相鄰差/平均 0.34 > 0.10
  段2 格79–153（3.3–6.4 秒）平均 3.952｜相鄰差 1.358｜比 0.34｜自相關 0.84@8｜🔴 FAIL 規律擺盪：相鄰差/平均 0.34 > 0.10
  段3 格156–221（6.5–9.2 秒）平均 3.743｜相鄰差 1.270｜比 0.34｜自相關 0.82@8｜🔴 FAIL 規律擺盪：相鄰差/平均 0.34 > 0.10
  段4 格229–295（9.5–12.3 秒）平均 4.307｜相鄰差 1.441｜比 0.33｜自相關 0.88@8｜🔴 FAIL 規律擺盪：相鄰差/平均 0.33 > 0.10
  段5 格299–369（12.5–15.4 秒）平均 3.506｜相鄰差 1.162｜比 0.33｜自相關 0.98@4｜🔴 FAIL 規律擺盪：相鄰差/平均 0.33 > 0.10
  段6 格379–443（15.8–18.5 秒）平均 2.159｜相鄰差 3.447｜比 1.60｜自相關 0.41@5｜🔴 FAIL 靜止段週期跳格：13 次尖峰、約每 5 格一次（83% 間隔一致）
  ⇒ FAIL
### /p/蝦皮短影音/_上架中/20261006b/15支/20261006-可口可樂易開罐250ml-商品片/影片-可口可樂易開罐250ml-商品片-蝦皮版.mp4
  段1 格1–76（0.0–3.2 秒）平均 2.414｜相鄰差 0.843｜比 0.35｜自相關 0.35@8｜🔴 FAIL 規律擺盪：相鄰差/平均 0.35 > 0.10
  段2 格80–141（3.3–5.9 秒）平均 2.422｜相鄰差 0.725｜比 0.30｜自相關 0.67@8｜🔴 FAIL 規律擺盪：相鄰差/平均 0.30 > 0.10
  段3 格149–202（6.2–8.4 秒）平均 2.770｜相鄰差 0.875｜比 0.32｜自相關 0.77@8｜🔴 FAIL 規律擺盪：相鄰差/平均 0.32 > 0.10
  段4 格211–273（8.8–11.4 秒）平均 2.582｜相鄰差 0.767｜比 0.30｜自相關 0.70@8｜🔴 FAIL 規律擺盪：相鄰差/平均 0.30 > 0.10
  段5 格276–327（11.5–13.6 秒）平均 2.574｜相鄰差 0.828｜比 0.32｜自相關 0.18@8｜🔴 FAIL 規律擺盪：相鄰差/平均 0.32 > 0.10
  段6 格335–391（14.0–16.3 秒）平均 0.617｜相鄰差 0.727｜比 1.18｜自相關 0.32@3｜🔴 FAIL 靜止段週期跳格：3 次尖峰、約每 3 格一次（100% 間隔一致）
  ⇒ FAIL
### /p/蝦皮短影音/_上架中/20261006b/15支/20261006-白蘭酵素除菌手洗精-商品片/影片-白蘭酵素除菌手洗精-商品片-蝦皮版.mp4
  段1 格1–85（0.0–3.5 秒）平均 2.648｜相鄰差 0.959｜比 0.36｜自相關 0.63@8｜🔴 FAIL 規律擺盪：相鄰差/平均 0.36 > 0.10
  段2 格87–157（3.6–6.5 秒）平均 2.337｜相鄰差 0.802｜比 0.34｜自相關 0.81@8｜🔴 FAIL 規律擺盪：相鄰差/平均 0.34 > 0.10
  段3 格166–236（6.9–9.8 秒）平均 2.935｜相鄰差 1.108｜比 0.38｜自相關 0.43@8｜🔴 FAIL 規律擺盪：相鄰差/平均 0.38 > 0.10
  段4 格239–305（10.0–12.7 秒）平均 2.759｜相鄰差 1.007｜比 0.36｜自相關 0.50@8｜🔴 FAIL 規律擺盪：相鄰差/平均 0.36 > 0.10
  段5 格308–387（12.8–16.1 秒）平均 2.355｜相鄰差 0.866｜比 0.37｜自相關 0.58@8｜🔴 FAIL 規律擺盪：相鄰差/平均 0.37 > 0.10
  段6 格396–460（16.5–19.2 秒）平均 1.856｜相鄰差 2.645｜比 1.43｜自相關 0.51@6｜🔴 FAIL 靜止段週期跳格：13 次尖峰、約每 6 格一次（75% 間隔一致）
  ⇒ FAIL
### /p/蝦皮短影音/_上架中/20261006b/15支/20261006-味王咖哩牛肉調理包-商品片/影片-味王咖哩牛肉調理包-商品片-蝦皮版.mp4
  段1 格1–83（0.0–3.5 秒）平均 3.489｜相鄰差 1.189｜比 0.34｜自相關 0.72@8｜🔴 FAIL 規律擺盪：相鄰差/平均 0.34 > 0.10
  段2 格86–158（3.6–6.6 秒）平均 3.579｜相鄰差 1.243｜比 0.35｜自相關 0.93@8｜🔴 FAIL 規律擺盪：相鄰差/平均 0.35 > 0.10
  段3 格167–239（7.0–10.0 秒）平均 3.724｜相鄰差 1.282｜比 0.34｜自相關 0.73@8｜🔴 FAIL 規律擺盪：相鄰差/平均 0.34 > 0.10
  段4 格241–309（10.0–12.9 秒）平均 3.936｜相鄰差 1.325｜比 0.34｜自相關 0.63@8｜🔴 FAIL 規律擺盪：相鄰差/平均 0.34 > 0.10
  段5 格317–395（13.2–16.5 秒）平均 3.336｜相鄰差 1.182｜比 0.35｜自相關 0.80@8｜🔴 FAIL 規律擺盪：相鄰差/平均 0.35 > 0.10
  段6 格403–405（16.8–16.9 秒）平均 3.448｜相鄰差 10.345｜比 3.00｜自相關 0.00@0｜⏭️ SKIP 段太短（3 格 < 10）
  段7 格407–466（17.0–19.4 秒）平均 0.502｜相鄰差 0.787｜比 1.57｜自相關 0.46@3｜✅ PASS 靜止段，無週期尖峰（尖峰 2 次）
  ⇒ FAIL
### /p/蝦皮短影音/_上架中/20261006b/15支/20261006-花王洗髮精清新順滑型-商品片/影片-花王洗髮精清新順滑型-商品片-蝦皮版.mp4
  段1 格1–79（0.0–3.3 秒）平均 1.852｜相鄰差 0.614｜比 0.33｜自相關 0.98@8｜🔴 FAIL 規律擺盪：相鄰差/平均 0.33 > 0.10
  段2 格87–153（3.6–6.4 秒）平均 2.106｜相鄰差 0.638｜比 0.30｜自相關 0.41@8｜🔴 FAIL 規律擺盪：相鄰差/平均 0.30 > 0.10
  段3 格155–221（6.5–9.2 秒）平均 1.846｜相鄰差 0.575｜比 0.31｜自相關 0.97@4｜🔴 FAIL 規律擺盪：相鄰差/平均 0.31 > 0.10
  段4 格229–302（9.5–12.6 秒）平均 1.978｜相鄰差 0.735｜比 0.37｜自相關 0.28@8｜🔴 FAIL 規律擺盪：相鄰差/平均 0.37 > 0.10
  段5 格305–378（12.7–15.8 秒）平均 1.993｜相鄰差 0.717｜比 0.36｜自相關 0.39@8｜🔴 FAIL 規律擺盪：相鄰差/平均 0.36 > 0.10
  段6 格384–449（16.0–18.7 秒）平均 1.745｜相鄰差 2.188｜比 1.25｜自相關 0.57@5｜🔴 FAIL 靜止段週期跳格：14 次尖峰、約每 5 格一次（85% 間隔一致）
  ⇒ FAIL
### /p/蝦皮短影音/_上架中/20261006b/15支/20261006-珂珂透濃縮洗碗精-商品片/影片-珂珂透濃縮洗碗精-商品片-蝦皮版.mp4
  段1 格1–77（0.0–3.2 秒）平均 2.762｜相鄰差 0.941｜比 0.34｜自相關 0.99@8｜🔴 FAIL 規律擺盪：相鄰差/平均 0.34 > 0.10
  段2 格81–157（3.4–6.5 秒）平均 2.603｜相鄰差 0.958｜比 0.37｜自相關 0.28@8｜🔴 FAIL 規律擺盪：相鄰差/平均 0.37 > 0.10
  段3 格160–238（6.7–9.9 秒）平均 2.690｜相鄰差 1.033｜比 0.38｜自相關 0.42@8｜🔴 FAIL 規律擺盪：相鄰差/平均 0.38 > 0.10
  段4 格241–308（10.0–12.8 秒）平均 2.838｜相鄰差 0.920｜比 0.32｜自相關 0.95@8｜🔴 FAIL 規律擺盪：相鄰差/平均 0.32 > 0.10
  段5 格313–313（13.0–13.0 秒）平均 6.601｜相鄰差 0.000｜比 0.00｜自相關 0.00@0｜⏭️ SKIP 段太短（1 格 < 10）
  段6 格315–381（13.1–15.9 秒）平均 2.794｜相鄰差 0.931｜比 0.33｜自相關 0.99@4｜🔴 FAIL 規律擺盪：相鄰差/平均 0.33 > 0.10
  段7 格391–454（16.3–18.9 秒）平均 0.808｜相鄰差 0.829｜比 1.03｜自相關 0.12@6｜✅ PASS 靜止段，無週期尖峰（尖峰 4 次）
  ⇒ FAIL
### /p/蝦皮短影音/_上架中/20261006b/15支/20261006-盛香珍濃厚花生巧克酥-商品片/影片-盛香珍濃厚花生巧克酥-商品片-蝦皮版.mp4
  段1 格1–79（0.0–3.3 秒）平均 2.865｜相鄰差 0.998｜比 0.35｜自相關 0.99@8｜🔴 FAIL 規律擺盪：相鄰差/平均 0.35 > 0.10
  段2 格87–163（3.6–6.8 秒）平均 2.862｜相鄰差 0.996｜比 0.35｜自相關 0.53@8｜🔴 FAIL 規律擺盪：相鄰差/平均 0.35 > 0.10
  段3 格166–234（6.9–9.8 秒）平均 3.448｜相鄰差 1.279｜比 0.37｜自相關 0.55@8｜🔴 FAIL 規律擺盪：相鄰差/平均 0.37 > 0.10
  段4 格237–301（9.9–12.5 秒）平均 3.216｜相鄰差 1.033｜比 0.32｜自相關 0.94@8｜🔴 FAIL 規律擺盪：相鄰差/平均 0.32 > 0.10
  段5 格310–384（12.9–16.0 秒）平均 2.886｜相鄰差 1.011｜比 0.35｜自相關 0.71@8｜🔴 FAIL 規律擺盪：相鄰差/平均 0.35 > 0.10
  段6 格391–454（16.3–18.9 秒）平均 2.250｜相鄰差 3.450｜比 1.53｜自相關 0.43@5｜🔴 FAIL 靜止段週期跳格：13 次尖峰、約每 5 格一次（83% 間隔一致）
  ⇒ FAIL
### /p/蝦皮短影音/_上架中/20261006b/15支/20261006-澎澎香浴乳-商品片/影片-澎澎香浴乳-商品片-蝦皮版.mp4
  段1 格1–89（0.0–3.7 秒）平均 1.550｜相鄰差 0.550｜比 0.36｜自相關 0.98@4｜🔴 FAIL 規律擺盪：相鄰差/平均 0.36 > 0.10
  段2 格97–163（4.0–6.8 秒）平均 2.200｜相鄰差 0.794｜比 0.36｜自相關 0.30@8｜🔴 FAIL 規律擺盪：相鄰差/平均 0.36 > 0.10
  段3 格166–242（6.9–10.1 秒）平均 1.995｜相鄰差 0.768｜比 0.38｜自相關 0.47@8｜🔴 FAIL 規律擺盪：相鄰差/平均 0.38 > 0.10
  段4 格245–316（10.2–13.2 秒）平均 2.051｜相鄰差 0.781｜比 0.38｜自相關 0.20@8｜🔴 FAIL 規律擺盪：相鄰差/平均 0.38 > 0.10
  段5 格319–397（13.3–16.5 秒）平均 1.444｜相鄰差 0.532｜比 0.37｜自相關 0.58@8｜🔴 FAIL 規律擺盪：相鄰差/平均 0.37 > 0.10
  段6 格407–470（17.0–19.6 秒）平均 1.364｜相鄰差 2.009｜比 1.47｜自相關 0.42@5｜✅ PASS 靜止段，無週期尖峰（尖峰 14 次）
  ⇒ FAIL
### /p/蝦皮短影音/_上架中/_退件與舊版/_舊版-zoompan-1006/20261006-一匙靈抗菌EX強力消臭補充包-商品片/影片-一匙靈抗菌EX強力消臭補充包-商品片-蝦皮版.mp4
  段1 格1–76（0.0–3.2 秒）平均 4.729｜相鄰差 1.671｜比 0.35｜自相關 0.56@4｜🔴 FAIL 規律擺盪：相鄰差/平均 0.35 > 0.10
  段2 格79–153（3.3–6.4 秒）平均 4.948｜相鄰差 2.084｜比 0.42｜自相關 0.58@8｜🔴 FAIL 規律擺盪：相鄰差/平均 0.42 > 0.10
  段3 格156–221（6.5–9.2 秒）平均 4.859｜相鄰差 1.569｜比 0.32｜自相關 0.50@4｜🔴 FAIL 規律擺盪：相鄰差/平均 0.32 > 0.10
  段4 格229–295（9.5–12.3 秒）平均 5.156｜相鄰差 1.569｜比 0.30｜自相關 0.55@8｜🔴 FAIL 規律擺盪：相鄰差/平均 0.30 > 0.10
  段5 格299–369（12.5–15.4 秒）平均 4.542｜相鄰差 1.887｜比 0.42｜自相關 0.46@8｜🔴 FAIL 規律擺盪：相鄰差/平均 0.42 > 0.10
  段6 格379–443（15.8–18.5 秒）平均 2.159｜相鄰差 3.447｜比 1.60｜自相關 0.41@5｜🔴 FAIL 靜止段週期跳格：13 次尖峰、約每 5 格一次（83% 間隔一致）
  ⇒ FAIL
### /p/蝦皮短影音/_上架中/_退件與舊版/_舊版-zoompan-1006/20261006-白蘭酵素除菌手洗精-商品片/影片-白蘭酵素除菌手洗精-商品片-蝦皮版.mp4
  段1 格1–85（0.0–3.5 秒）平均 3.091｜相鄰差 1.263｜比 0.41｜自相關 0.29@8｜🔴 FAIL 規律擺盪：相鄰差/平均 0.41 > 0.10
  段2 格87–157（3.6–6.5 秒）平均 2.774｜相鄰差 1.091｜比 0.39｜自相關 0.57@4｜🔴 FAIL 規律擺盪：相鄰差/平均 0.39 > 0.10
  段3 格166–235（6.9–9.8 秒）平均 3.434｜相鄰差 1.049｜比 0.31｜自相關 0.49@8｜🔴 FAIL 規律擺盪：相鄰差/平均 0.31 > 0.10
  段4 格239–305（10.0–12.7 秒）平均 3.205｜相鄰差 1.160｜比 0.36｜自相關 0.35@8｜🔴 FAIL 規律擺盪：相鄰差/平均 0.36 > 0.10
  段5 格308–387（12.8–16.1 秒）平均 2.993｜相鄰差 1.410｜比 0.47｜自相關 0.42@4｜🔴 FAIL 規律擺盪：相鄰差/平均 0.47 > 0.10
  段6 格396–460（16.5–19.2 秒）平均 1.856｜相鄰差 2.645｜比 1.43｜自相關 0.51@6｜🔴 FAIL 靜止段週期跳格：13 次尖峰、約每 6 格一次（75% 間隔一致）
  ⇒ FAIL
### /p/蝦皮短影音/_上架中/_退件與舊版/_舊版-zoompan-1006/20261006-盛香珍濃厚花生巧克酥-商品片/影片-盛香珍濃厚花生巧克酥-商品片-蝦皮版.mp4
  段1 格1–79（0.0–3.3 秒）平均 3.167｜相鄰差 1.289｜比 0.41｜自相關 0.55@4｜🔴 FAIL 規律擺盪：相鄰差/平均 0.41 > 0.10
  段2 格87–163（3.6–6.8 秒）平均 3.122｜相鄰差 1.323｜比 0.42｜自相關 0.40@8｜🔴 FAIL 規律擺盪：相鄰差/平均 0.42 > 0.10
  段3 格166–234（6.9–9.8 秒）平均 3.775｜相鄰差 1.503｜比 0.40｜自相關 0.32@8｜🔴 FAIL 規律擺盪：相鄰差/平均 0.40 > 0.10
  段4 格237–301（9.9–12.5 秒）平均 3.525｜相鄰差 1.211｜比 0.34｜自相關 0.59@4｜🔴 FAIL 規律擺盪：相鄰差/平均 0.34 > 0.10
  段5 格310–384（12.9–16.0 秒）平均 3.165｜相鄰差 1.238｜比 0.39｜自相關 0.43@8｜🔴 FAIL 規律擺盪：相鄰差/平均 0.39 > 0.10
  段6 格391–454（16.3–18.9 秒）平均 2.251｜相鄰差 3.450｜比 1.53｜自相關 0.43@5｜🔴 FAIL 靜止段週期跳格：13 次尖峰、約每 5 格一次（83% 間隔一致）
  ⇒ FAIL
### /p/蝦皮短影音/_上架中/_退件與舊版/_舊版-zoompan-1006/20261006-澎澎香浴乳-商品片/影片-澎澎香浴乳-商品片-蝦皮版.mp4
  段1 格1–89（0.0–3.7 秒）平均 1.884｜相鄰差 0.887｜比 0.47｜自相關 0.57@4｜🔴 FAIL 規律擺盪：相鄰差/平均 0.47 > 0.10
  段2 格97–163（4.0–6.8 秒）平均 2.557｜相鄰差 0.956｜比 0.37｜自相關 0.11@8｜🔴 FAIL 規律擺盪：相鄰差/平均 0.37 > 0.10
  段3 格166–242（6.9–10.1 秒）平均 2.389｜相鄰差 1.025｜比 0.43｜自相關 0.35@8｜🔴 FAIL 規律擺盪：相鄰差/平均 0.43 > 0.10
  段4 格245–316（10.2–13.2 秒）平均 2.380｜相鄰差 0.927｜比 0.39｜自相關 0.16@8｜🔴 FAIL 規律擺盪：相鄰差/平均 0.39 > 0.10
  段5 格319–397（13.3–16.5 秒）平均 1.754｜相鄰差 0.693｜比 0.40｜自相關 0.29@4｜🔴 FAIL 規律擺盪：相鄰差/平均 0.40 > 0.10
  段6 格407–470（17.0–19.6 秒）平均 1.363｜相鄰差 2.008｜比 1.47｜自相關 0.42@5｜✅ PASS 靜止段，無週期尖峰（尖峰 14 次）
  ⇒ FAIL
### /p/蝦皮短影音/_上架中/_退件與舊版/_退件-王1006/20261006-妙管家濃縮洗衣精亮彩補充包-商品片/影片-妙管家濃縮洗衣精亮彩補充包-商品片-蝦皮版.mp4
  段1 格1–77（0.0–3.2 秒）平均 5.290｜相鄰差 1.951｜比 0.37｜自相關 0.57@8｜🔴 FAIL 規律擺盪：相鄰差/平均 0.37 > 0.10
  段2 格86–157（3.6–6.5 秒）平均 5.921｜相鄰差 2.121｜比 0.36｜自相關 0.66@8｜🔴 FAIL 規律擺盪：相鄰差/平均 0.36 > 0.10
  段3 格161–237（6.7–9.9 秒）平均 5.538｜相鄰差 2.054｜比 0.37｜自相關 0.56@8｜🔴 FAIL 規律擺盪：相鄰差/平均 0.37 > 0.10
  段4 格240–311（10.0–13.0 秒）平均 4.814｜相鄰差 1.797｜比 0.37｜自相關 0.61@4｜🔴 FAIL 規律擺盪：相鄰差/平均 0.37 > 0.10
  段5 格315–386（13.1–16.1 秒）平均 5.184｜相鄰差 1.782｜比 0.34｜自相關 0.60@8｜🔴 FAIL 規律擺盪：相鄰差/平均 0.34 > 0.10
  段6 格397–397（16.5–16.5 秒）平均 0.000｜相鄰差 0.000｜比 0.00｜自相關 0.00@0｜⏭️ SKIP 段太短（1 格 < 10）
  段7 格400–401（16.7–16.7 秒）平均 0.000｜相鄰差 0.000｜比 0.32｜自相關 0.00@0｜⏭️ SKIP 段太短（2 格 < 10）
  段8 格404–460（16.8–19.2 秒）平均 0.165｜相鄰差 0.088｜比 0.53｜自相關 0.33@8｜✅ PASS 靜止段，無週期尖峰（尖峰 1 次）
  ⇒ FAIL
### /p/蝦皮短影音/_上架中/_退件與舊版/_退件-王1006/20261006-味王咖哩牛肉調理包-商品片/影片-味王咖哩牛肉調理包-商品片-蝦皮版.mp4
  段1 格1–83（0.0–3.5 秒）平均 3.498｜相鄰差 1.506｜比 0.43｜自相關 0.29@8｜🔴 FAIL 規律擺盪：相鄰差/平均 0.43 > 0.10
  段2 格86–158（3.6–6.6 秒）平均 4.048｜相鄰差 1.473｜比 0.36｜自相關 0.56@8｜🔴 FAIL 規律擺盪：相鄰差/平均 0.36 > 0.10
  段3 格167–239（7.0–10.0 秒）平均 4.051｜相鄰差 1.476｜比 0.36｜自相關 0.44@8｜🔴 FAIL 規律擺盪：相鄰差/平均 0.36 > 0.10
  段4 格242–309（10.1–12.9 秒）平均 3.954｜相鄰差 1.657｜比 0.42｜自相關 0.54@8｜🔴 FAIL 規律擺盪：相鄰差/平均 0.42 > 0.10
  段5 格317–395（13.2–16.5 秒）平均 3.888｜相鄰差 1.787｜比 0.46｜自相關 0.51@4｜🔴 FAIL 規律擺盪：相鄰差/平均 0.46 > 0.10
  段6 格403–405（16.8–16.9 秒）平均 3.443｜相鄰差 10.328｜比 3.00｜自相關 0.00@0｜⏭️ SKIP 段太短（3 格 < 10）
  段7 格407–466（17.0–19.4 秒）平均 2.067｜相鄰差 3.773｜比 1.83｜自相關 0.55@5｜🔴 FAIL 靜止段週期跳格：11 次尖峰、約每 5 格一次（100% 間隔一致）
  ⇒ FAIL
### /p/蝦皮短影音/_上架中/_退件與舊版/_退件-王1006/20261006-花王洗髮精清新順滑型-商品片/影片-花王洗髮精清新順滑型-商品片-蝦皮版.mp4
  段1 格1–79（0.0–3.3 秒）平均 2.172｜相鄰差 0.824｜比 0.38｜自相關 0.51@4｜🔴 FAIL 規律擺盪：相鄰差/平均 0.38 > 0.10
  段2 格87–153（3.6–6.4 秒）平均 2.430｜相鄰差 0.777｜比 0.32｜自相關 0.22@8｜🔴 FAIL 規律擺盪：相鄰差/平均 0.32 > 0.10
  段3 格155–221（6.5–9.2 秒）平均 2.148｜相鄰差 0.791｜比 0.37｜自相關 0.38@8｜🔴 FAIL 規律擺盪：相鄰差/平均 0.37 > 0.10
  段4 格229–301（9.5–12.5 秒）平均 2.172｜相鄰差 0.884｜比 0.41｜自相關 0.51@4｜🔴 FAIL 規律擺盪：相鄰差/平均 0.41 > 0.10
  段5 格305–378（12.7–15.8 秒）平均 2.318｜相鄰差 0.860｜比 0.37｜自相關 0.29@8｜🔴 FAIL 規律擺盪：相鄰差/平均 0.37 > 0.10
  段6 格384–449（16.0–18.7 秒）平均 1.744｜相鄰差 2.187｜比 1.25｜自相關 0.57@5｜🔴 FAIL 靜止段週期跳格：14 次尖峰、約每 5 格一次（85% 間隔一致）
  ⇒ FAIL
### /p/蝦皮短影音/_上架中/_退件與舊版/_退件-王1006/20261006-珂珂透濃縮洗碗精-商品片/影片-珂珂透濃縮洗碗精-商品片-蝦皮版.mp4
  段1 格1–77（0.0–3.2 秒）平均 3.353｜相鄰差 1.215｜比 0.36｜自相關 0.70@8｜🔴 FAIL 規律擺盪：相鄰差/平均 0.36 > 0.10
  段2 格81–157（3.4–6.5 秒）平均 3.207｜相鄰差 1.305｜比 0.41｜自相關 0.15@8｜🔴 FAIL 規律擺盪：相鄰差/平均 0.41 > 0.10
  段3 格160–237（6.7–9.9 秒）平均 3.238｜相鄰差 1.531｜比 0.47｜自相關 0.39@8｜🔴 FAIL 規律擺盪：相鄰差/平均 0.47 > 0.10
  段4 格241–308（10.0–12.8 秒）平均 3.466｜相鄰差 1.194｜比 0.34｜自相關 0.45@4｜🔴 FAIL 規律擺盪：相鄰差/平均 0.34 > 0.10
  段5 格315–381（13.1–15.9 秒）平均 3.499｜相鄰差 1.370｜比 0.39｜自相關 0.61@4｜🔴 FAIL 規律擺盪：相鄰差/平均 0.39 > 0.10
  段6 格391–454（16.3–18.9 秒）平均 1.801｜相鄰差 2.719｜比 1.51｜自相關 0.43@5｜🔴 FAIL 靜止段週期跳格：13 次尖峰、約每 5 格一次（83% 間隔一致）
  ⇒ FAIL
### /p/蝦皮短影音/_上架中/_退件與舊版/_退件-王1006/20261006-家樂氏東尼香甜玉米片-商品片/影片-家樂氏東尼香甜玉米片-商品片-蝦皮版.mp4
  段1 格1–71（0.0–3.0 秒）平均 6.294｜相鄰差 1.927｜比 0.31｜自相關 0.58@8｜🔴 FAIL 規律擺盪：相鄰差/平均 0.31 > 0.10
  段2 格79–157（3.3–6.5 秒）平均 5.247｜相鄰差 1.862｜比 0.35｜自相關 0.54@4｜🔴 FAIL 規律擺盪：相鄰差/平均 0.35 > 0.10
  段3 格160–235（6.7–9.8 秒）平均 6.067｜相鄰差 1.841｜比 0.30｜自相關 0.57@8｜🔴 FAIL 規律擺盪：相鄰差/平均 0.30 > 0.10
  段4 格238–302（9.9–12.6 秒）平均 6.439｜相鄰差 1.914｜比 0.30｜自相關 0.67@8｜🔴 FAIL 規律擺盪：相鄰差/平均 0.30 > 0.10
  段5 格311–376（13.0–15.7 秒）平均 5.740｜相鄰差 1.854｜比 0.32｜自相關 0.53@8｜🔴 FAIL 規律擺盪：相鄰差/平均 0.32 > 0.10
  段6 格384–384（16.0–16.0 秒）平均 0.001｜相鄰差 0.000｜比 0.00｜自相關 0.00@0｜⏭️ SKIP 段太短（1 格 < 10）
  段7 格388–392（16.2–16.3 秒）平均 0.001｜相鄰差 0.002｜比 1.65｜自相關 0.00@0｜⏭️ SKIP 段太短（5 格 < 10）
  段8 格394–397（16.4–16.5 秒）平均 0.554｜相鄰差 0.032｜比 0.06｜自相關 0.00@0｜⏭️ SKIP 段太短（4 格 < 10）
  段9 格399–403（16.6–16.8 秒）平均 0.609｜相鄰差 0.236｜比 0.39｜自相關 0.00@0｜⏭️ SKIP 段太短（5 格 < 10）
  段10 格405–408（16.9–17.0 秒）平均 0.654｜相鄰差 0.351｜比 0.54｜自相關 0.00@0｜⏭️ SKIP 段太短（4 格 < 10）
  段11 格410–413（17.1–17.2 秒）平均 0.000｜相鄰差 0.000｜比 1.03｜自相關 0.00@0｜⏭️ SKIP 段太短（4 格 < 10）
  段12 格415–419（17.3–17.5 秒）平均 0.000｜相鄰差 0.000｜比 1.13｜自相關 0.00@0｜⏭️ SKIP 段太短（5 格 < 10）
  段13 格421–424（17.5–17.7 秒）平均 0.000｜相鄰差 0.000｜比 0.79｜自相關 0.00@0｜⏭️ SKIP 段太短（4 格 < 10）
  段14 格426–429（17.8–17.9 秒）平均 0.000｜相鄰差 0.000｜比 0.33｜自相關 0.00@0｜⏭️ SKIP 段太短（4 格 < 10）
  段15 格431–435（18.0–18.1 秒）平均 0.000｜相鄰差 0.000｜比 1.08｜自相關 0.00@0｜⏭️ SKIP 段太短（5 格 < 10）
  段16 格437–441（18.2–18.4 秒）平均 0.000｜相鄰差 0.000｜比 1.01｜自相關 0.00@0｜⏭️ SKIP 段太短（5 格 < 10）
  段17 格443–445（18.5–18.5 秒）平均 0.000｜相鄰差 0.000｜比 0.22｜自相關 0.00@0｜⏭️ SKIP 段太短（3 格 < 10）
  ⇒ FAIL
### 全部量完 19:34
